Using pre-set license
Built from '2022.3/staging' branch; Version is '2022.3.25f1 (530ae0ba3889) revision 5442272'; Using compiler version '192829333'; Build Type 'Release'
OS: 'Windows 11  (10.0.26300) 64bit Core' Language: 'de' Physical Memory: 15741 MB
BatchMode: 1, IsHumanControllingUs: 0, StartBugReporterOnCrash: 0, Is64bit: 1, IsPro: 1

COMMAND LINE ARGUMENTS:
C:\Program Files\Unity\Hub\Editor\2022.3.25f1\Editor\Unity.exe
-adb2
-batchMode
-noUpm
-name
AssetImportWorker1
-projectPath
D:/Unity/Havefun
-logFile
Logs/AssetImportWorker1.log
-srvPort
60741
Successfully changed project path to: D:/Unity/Havefun
D:/Unity/Havefun
[UnityMemory] Configuration Parameters - Can be set up in boot.config
    "memorysetup-bucket-allocator-granularity=16"
    "memorysetup-bucket-allocator-bucket-count=8"
    "memorysetup-bucket-allocator-block-size=33554432"
    "memorysetup-bucket-allocator-block-count=8"
    "memorysetup-main-allocator-block-size=16777216"
    "memorysetup-thread-allocator-block-size=16777216"
    "memorysetup-gfx-main-allocator-block-size=16777216"
    "memorysetup-gfx-thread-allocator-block-size=16777216"
    "memorysetup-cache-allocator-block-size=4194304"
    "memorysetup-typetree-allocator-block-size=2097152"
    "memorysetup-profiler-bucket-allocator-granularity=16"
    "memorysetup-profiler-bucket-allocator-bucket-count=8"
    "memorysetup-profiler-bucket-allocator-block-size=33554432"
    "memorysetup-profiler-bucket-allocator-block-count=8"
    "memorysetup-profiler-allocator-block-size=16777216"
    "memorysetup-profiler-editor-allocator-block-size=1048576"
    "memorysetup-temp-allocator-size-main=16777216"
    "memorysetup-job-temp-allocator-block-size=2097152"
    "memorysetup-job-temp-allocator-block-size-background=1048576"
    "memorysetup-job-temp-allocator-reduction-small-platforms=262144"
    "memorysetup-allocator-temp-initial-block-size-main=262144"
    "memorysetup-allocator-temp-initial-block-size-worker=262144"
    "memorysetup-temp-allocator-size-background-worker=32768"
    "memorysetup-temp-allocator-size-job-worker=262144"
    "memorysetup-temp-allocator-size-preload-manager=33554432"
    "memorysetup-temp-allocator-size-nav-mesh-worker=65536"
    "memorysetup-temp-allocator-size-audio-worker=65536"
    "memorysetup-temp-allocator-size-cloud-worker=32768"
    "memorysetup-temp-allocator-size-gi-baking-worker=262144"
    "memorysetup-temp-allocator-size-gfx=262144"
Player connection [440] Host "[IP] 192.168.0.64 [Port] 0 [Flags] 2 [Guid] 2680309482 [EditorId] 2680309482 [Version] 1048832 [Id] WindowsEditor(7,Serhat-Gaming-Laptop) [Debug] 1 [PackageName] WindowsEditor [ProjectName] Editor" joined multi-casting on [225.0.0.222:54997]...

Player connection [440] Host "[IP] 192.168.0.64 [Port] 0 [Flags] 2 [Guid] 2680309482 [EditorId] 2680309482 [Version] 1048832 [Id] WindowsEditor(7,Serhat-Gaming-Laptop) [Debug] 1 [PackageName] WindowsEditor [ProjectName] Editor" joined alternative multi-casting on [225.0.0.222:34997]...

[Physics::Module] Initialized MultithreadedJobDispatcher with 15 workers.
Refreshing native plugins compatible for Editor in 16.00 ms, found 3 plugins.
Preloading 0 native plugins for Editor in 0.00 ms.
Initialize engine version: 2022.3.25f1 (530ae0ba3889)
[Subsystems] Discovering subsystems at path C:/Program Files/Unity/Hub/Editor/2022.3.25f1/Editor/Data/Resources/UnitySubsystems
[Subsystems] Discovering subsystems at path D:/Unity/Havefun/Assets
GfxDevice: creating device client; threaded=0; jobified=0
Direct3D:
    Version:  Direct3D 11.0 [level 11.1]
    Renderer: NVIDIA GeForce GTX 1650 Ti (ID=0x1f95)
    Vendor:   NVIDIA
    VRAM:     3935 MB
    Driver:   31.0.15.5244
Initialize mono
Mono path[0] = 'C:/Program Files/Unity/Hub/Editor/2022.3.25f1/Editor/Data/Managed'
Mono path[1] = 'C:/Program Files/Unity/Hub/Editor/2022.3.25f1/Editor/Data/MonoBleedingEdge/lib/mono/unityjit-win32'
Mono config path = 'C:/Program Files/Unity/Hub/Editor/2022.3.25f1/Editor/Data/MonoBleedingEdge/etc'
Using monoOptions --debugger-agent=transport=dt_socket,embedding=1,server=y,suspend=n,address=127.0.0.1:56744
Begin MonoManager ReloadAssembly
Registering precompiled unity dll's ...
Register platform support module: C:/Program Files/Unity/Hub/Editor/2022.3.25f1/Editor/Data/PlaybackEngines/WebGLSupport/UnityEditor.WebGL.Extensions.dll
Register platform support module: C:/Program Files/Unity/Hub/Editor/2022.3.25f1/Editor/Data/PlaybackEngines/AndroidPlayer/UnityEditor.Android.Extensions.dll
Register platform support module: C:/Program Files/Unity/Hub/Editor/2022.3.25f1/Editor/Data/PlaybackEngines/iOSSupport/UnityEditor.iOS.Extensions.dll
Register platform support module: C:/Program Files/Unity/Hub/Editor/2022.3.25f1/Editor/Data/PlaybackEngines/WindowsStandaloneSupport/UnityEditor.WindowsStandalone.Extensions.dll
Registered in 0.028784 seconds.
- Loaded All Assemblies, in  0.699 seconds
Native extension for WindowsStandalone target not found
[usbmuxd] Start listen thread
[usbmuxd] Listen thread started
Native extension for iOS target not found
Native extension for Android target not found
Android Extension - Scanning For ADB Devices 541 ms
Native extension for WebGL target not found
Mono: successfully reloaded assembly
- Finished resetting the current domain, in  1.101 seconds
Domain Reload Profiling: 1796ms
	BeginReloadAssembly (242ms)
		ExecutionOrderSort (0ms)
		DisableScriptedObjects (0ms)
		BackupInstance (0ms)
		ReleaseScriptingObjects (0ms)
		CreateAndSetChildDomain (1ms)
	RebuildCommonClasses (57ms)
	RebuildNativeTypeToScriptingClass (15ms)
	initialDomainReloadingComplete (121ms)
	LoadAllAssembliesAndSetupDomain (260ms)
		LoadAssemblies (242ms)
		RebuildTransferFunctionScriptingTraits (0ms)
		AnalyzeDomain (251ms)
			TypeCache.Refresh (249ms)
				TypeCache.ScanAssembly (227ms)
			ScanForSourceGeneratedMonoScriptInfo (0ms)
			ResolveRequiredComponents (1ms)
	FinalizeReload (1102ms)
		ReleaseScriptCaches (0ms)
		RebuildScriptCaches (0ms)
		SetupLoadedEditorAssemblies (1018ms)
			LogAssemblyErrors (0ms)
			InitializePlatformSupportModulesInManaged (739ms)
			SetLoadedEditorAssemblies (6ms)
			RefreshPlugins (0ms)
			BeforeProcessingInitializeOnLoad (3ms)
			ProcessInitializeOnLoadAttributes (189ms)
			ProcessInitializeOnLoadMethodAttributes (81ms)
			AfterProcessingInitializeOnLoad (0ms)
			EditorAssembliesLoaded (0ms)
		ExecutionOrderSort2 (0ms)
		AwakeInstancesAfterBackupRestoration (0ms)
========================================================================
Worker process is ready to serve import requests
Begin MonoManager ReloadAssembly
- Loaded All Assemblies, in  1.133 seconds
Refreshing native plugins compatible for Editor in 5.96 ms, found 3 plugins.
Native extension for WindowsStandalone target not found
Native extension for iOS target not found
Native extension for Android target not found
Native extension for WebGL target not found
Mono: successfully reloaded assembly
- Finished resetting the current domain, in  1.236 seconds
Domain Reload Profiling: 2363ms
	BeginReloadAssembly (240ms)
		ExecutionOrderSort (0ms)
		DisableScriptedObjects (6ms)
		BackupInstance (0ms)
		ReleaseScriptingObjects (0ms)
		CreateAndSetChildDomain (31ms)
	RebuildCommonClasses (52ms)
	RebuildNativeTypeToScriptingClass (18ms)
	initialDomainReloadingComplete (78ms)
	LoadAllAssembliesAndSetupDomain (737ms)
		LoadAssemblies (634ms)
		RebuildTransferFunctionScriptingTraits (0ms)
		AnalyzeDomain (257ms)
			TypeCache.Refresh (229ms)
				TypeCache.ScanAssembly (205ms)
			ScanForSourceGeneratedMonoScriptInfo (19ms)
			ResolveRequiredComponents (6ms)
	FinalizeReload (1237ms)
		ReleaseScriptCaches (0ms)
		RebuildScriptCaches (0ms)
		SetupLoadedEditorAssemblies (995ms)
			LogAssemblyErrors (0ms)
			InitializePlatformSupportModulesInManaged (73ms)
			SetLoadedEditorAssemblies (6ms)
			RefreshPlugins (0ms)
			BeforeProcessingInitializeOnLoad (106ms)
			ProcessInitializeOnLoadAttributes (750ms)
			ProcessInitializeOnLoadMethodAttributes (37ms)
			AfterProcessingInitializeOnLoad (22ms)
			EditorAssembliesLoaded (0ms)
		ExecutionOrderSort2 (0ms)
		AwakeInstancesAfterBackupRestoration (16ms)
Launched and connected shader compiler UnityShaderCompiler.exe after 0.10 seconds
Refreshing native plugins compatible for Editor in 6.39 ms, found 3 plugins.
Preloading 0 native plugins for Editor in 0.00 ms.
Unloading 3108 Unused Serialized files (Serialized files now loaded: 0)
Unloading 33 unused Assets / (57.1 KB). Loaded Objects now: 3575.
Memory consumption went from 128.8 MB to 128.7 MB.
Total: 5.524200 ms (FindLiveObjects: 0.478500 ms CreateObjectMapping: 0.378200 ms MarkObjects: 4.446300 ms  DeleteObjects: 0.219500 ms)

AssetImportParameters requested are different than current active one (requested -> active):
  custom:container-demuxer-ogg: 62fdf1f143b41e24485cea50d1cbac27 -> 
  custom:video-codec-MediaFoundation-h265: 746d11721c4dcdbdad8f713fa42b33f4 -> 
  custom:video-decoder-ogg-theora: a1e56fd34408186e4bbccfd4996cb3dc -> 
  custom:framework-win-MediaFoundation: 216162199b28c13a410421893ffa2e32 -> 
  custom:CustomObjectIndexerAttribute: 9a22284fe3817be447336de3de66b15e -> 
  custom:container-demuxer-webm: 4f35f7cbe854078d1ac9338744f61a02 -> 
  custom:container-muxer-webm: aa71ff27fc2769a1b78a27578f13a17b -> 
  custom:video-decoder-webm-vp8: 9c59270c3fd7afecdb556c50c9e8de78 -> 
  custom:SearchIndexIgnoredProperties: e643bd26f0fe6173181afceb89e7c659 -> 
  custom:AudioImporter_EditorPlatform: d09bf68614088b80899f8185d706f6e7 -> 
  custom:video-encoder-webm-vp8: eb34c28f22e8b96e1ab97ce403110664 -> 
  custom:audio-decoder-ogg-vorbis: bf7c407c2cedff20999df2af8eb42d56 -> 
  custom:audio-encoder-webm-vorbis: bf7c407c2cedff20999df2af8eb42d56 -> 
========================================================================
Received Import Request.
  Time since last request: 4370.599264 seconds.
  path: Assets/Map/kenney_train-kit/Models/FBX format/railroad-damaged-corner-small.fbx
  artifactKey: Guid(17a98a73901db374b89a702654b730bf) Importer(815301076,1909f56bfc062723c751e8b465ee728b)
Start importing Assets/Map/kenney_train-kit/Models/FBX format/railroad-damaged-corner-small.fbx using Guid(17a98a73901db374b89a702654b730bf) Importer(815301076,1909f56bfc062723c751e8b465ee728b)  -> (artifact id: 'ec9b7a114fc42f6e307df3713722a487') in 0.239526 seconds
Number of updated asset objects reloaded before import = 0
Number of asset objects unloaded after import = 9
========================================================================
Received Import Request.
  Time since last request: 0.000065 seconds.
  path: Assets/Map/kenney_train-kit/Models/FBX format/railroad-damaged-straight-hill-complete.fbx
  artifactKey: Guid(7e4d442249e8018418fc83e7cbcdfe85) Importer(815301076,1909f56bfc062723c751e8b465ee728b)
Start importing Assets/Map/kenney_train-kit/Models/FBX format/railroad-damaged-straight-hill-complete.fbx using Guid(7e4d442249e8018418fc83e7cbcdfe85) Importer(815301076,1909f56bfc062723c751e8b465ee728b)  -> (artifact id: '2bb5cfe876bcde26ce76ea3edb5e214e') in 0.031979 seconds
Number of updated asset objects reloaded before import = 0
Number of asset objects unloaded after import = 9
========================================================================
Received Import Request.
  Time since last request: 0.000083 seconds.
  path: Assets/Map/kenney_train-kit/Models/FBX format/railroad-corner-large-ramp.fbx
  artifactKey: Guid(2e8bf1f82d4483344a65849e6749346b) Importer(815301076,1909f56bfc062723c751e8b465ee728b)
Start importing Assets/Map/kenney_train-kit/Models/FBX format/railroad-corner-large-ramp.fbx using Guid(2e8bf1f82d4483344a65849e6749346b) Importer(815301076,1909f56bfc062723c751e8b465ee728b)  -> (artifact id: 'db470c9b17a00f21d5d7b2782e892e66') in 0.032574 seconds
Number of updated asset objects reloaded before import = 0
Number of asset objects unloaded after import = 9
========================================================================
Received Import Request.
  Time since last request: 0.000024 seconds.
  path: Assets/Map/kenney_train-kit/Models/FBX format/railroad-damaged-straight-skew-left.fbx
  artifactKey: Guid(168be58fe674f9147859e08064cac154) Importer(815301076,1909f56bfc062723c751e8b465ee728b)
Start importing Assets/Map/kenney_train-kit/Models/FBX format/railroad-damaged-straight-skew-left.fbx using Guid(168be58fe674f9147859e08064cac154) Importer(815301076,1909f56bfc062723c751e8b465ee728b)  -> (artifact id: 'd4242b5d7f1bce96f80af3e85050878b') in 0.033245 seconds
Number of updated asset objects reloaded before import = 0
Number of asset objects unloaded after import = 9
========================================================================
Received Import Request.
  Time since last request: 0.000038 seconds.
  path: Assets/Map/kenney_train-kit/Models/FBX format/railroad-rail-straight-hill-beginning.fbx
  artifactKey: Guid(cc69c5ed0fe21ba4cb1e618fc286fd78) Importer(815301076,1909f56bfc062723c751e8b465ee728b)
Start importing Assets/Map/kenney_train-kit/Models/FBX format/railroad-rail-straight-hill-beginning.fbx using Guid(cc69c5ed0fe21ba4cb1e618fc286fd78) Importer(815301076,1909f56bfc062723c751e8b465ee728b)  -> (artifact id: '55c360bb5cd1f1956f96cd96bbc57b00') in 0.033751 seconds
Number of updated asset objects reloaded before import = 0
Number of asset objects unloaded after import = 9
========================================================================
Received Import Request.
  Time since last request: 0.000026 seconds.
  path: Assets/Map/kenney_train-kit/Models/FBX format/railroad-rail-straight-bump-up.fbx
  artifactKey: Guid(000d6b2ae423a344aa2bab830d81e1e9) Importer(815301076,1909f56bfc062723c751e8b465ee728b)
Start importing Assets/Map/kenney_train-kit/Models/FBX format/railroad-rail-straight-bump-up.fbx using Guid(000d6b2ae423a344aa2bab830d81e1e9) Importer(815301076,1909f56bfc062723c751e8b465ee728b)  -> (artifact id: '684324f74f5f304d51154b4758921b23') in 0.035403 seconds
Number of updated asset objects reloaded before import = 0
Number of asset objects unloaded after import = 9
========================================================================
Received Import Request.
  Time since last request: 0.000035 seconds.
  path: Assets/Map/kenney_train-kit/Models/FBX format/railroad-rail-straight-bump-down.fbx
  artifactKey: Guid(85570601f34d9f8469950913dcfc816b) Importer(815301076,1909f56bfc062723c751e8b465ee728b)
Start importing Assets/Map/kenney_train-kit/Models/FBX format/railroad-rail-straight-bump-down.fbx using Guid(85570601f34d9f8469950913dcfc816b) Importer(815301076,1909f56bfc062723c751e8b465ee728b)  -> (artifact id: '5ee5f16b75f0a9f20ecc424c722cfe35') in 0.036220 seconds
Number of updated asset objects reloaded before import = 0
Number of asset objects unloaded after import = 9
========================================================================
Received Import Request.
  Time since last request: 0.000032 seconds.
  path: Assets/Map/kenney_train-kit/Models/FBX format/railroad-damaged-corner-large-ramp.fbx
  artifactKey: Guid(61bab29df6ce01347a601a49da13151e) Importer(815301076,1909f56bfc062723c751e8b465ee728b)
Start importing Assets/Map/kenney_train-kit/Models/FBX format/railroad-damaged-corner-large-ramp.fbx using Guid(61bab29df6ce01347a601a49da13151e) Importer(815301076,1909f56bfc062723c751e8b465ee728b)  -> (artifact id: '6984da191e5555ca30de4781be4e4850') in 0.036096 seconds
Number of updated asset objects reloaded before import = 0
Number of asset objects unloaded after import = 9
========================================================================
Received Import Request.
  Time since last request: 0.000067 seconds.
  path: Assets/Map/kenney_train-kit/Models/FBX format/railroad-curve.fbx
  artifactKey: Guid(be8e044a5dcf18944a0da2e58c06eef7) Importer(815301076,1909f56bfc062723c751e8b465ee728b)
Start importing Assets/Map/kenney_train-kit/Models/FBX format/railroad-curve.fbx using Guid(be8e044a5dcf18944a0da2e58c06eef7) Importer(815301076,1909f56bfc062723c751e8b465ee728b)  -> (artifact id: '613d99a38efd0346b6560c3dc9f4e22e') in 0.034917 seconds
Number of updated asset objects reloaded before import = 0
Number of asset objects unloaded after import = 9
========================================================================
Received Import Request.
  Time since last request: 0.000053 seconds.
  path: Assets/Map/kenney_train-kit/Models/FBX format/railroad-damaged-straight-bend.fbx
  artifactKey: Guid(2fe26a2ddae78124bb1cc278d3125636) Importer(815301076,1909f56bfc062723c751e8b465ee728b)
Start importing Assets/Map/kenney_train-kit/Models/FBX format/railroad-damaged-straight-bend.fbx using Guid(2fe26a2ddae78124bb1cc278d3125636) Importer(815301076,1909f56bfc062723c751e8b465ee728b)  -> (artifact id: 'fc0424088b68d454287b220d320b9352') in 0.040207 seconds
Number of updated asset objects reloaded before import = 0
Number of asset objects unloaded after import = 9
Editor requested this worker to shutdown with reason: Scaling down because of idle timeout
TcpMessagingSession - receive error: operation aborted. errorcode: 995, details: Der E/A-Vorgang wurde wegen eines Threadendes oder einer Anwendungsanforderung abgebrochen.
AssetImportWorker is now disconnected from the server
Process exiting
Exiting without the bug reporter. Application will terminate with return code 0