Using pre-set license
Built from '2022.3/staging' branch; Version is '2022.3.25f1 (530ae0ba3889) revision 5442272'; Using compiler version '192829333'; Build Type 'Release'
OS: 'Windows 11  (10.0.26300) 64bit Core' Language: 'de' Physical Memory: 15741 MB
BatchMode: 1, IsHumanControllingUs: 0, StartBugReporterOnCrash: 0, Is64bit: 1, IsPro: 1

COMMAND LINE ARGUMENTS:
C:\Program Files\Unity\Hub\Editor\2022.3.25f1\Editor\Unity.exe
-adb2
-batchMode
-noUpm
-name
AssetImportWorker3
-projectPath
D:/Unity/Havefun
-logFile
Logs/AssetImportWorker3.log
-srvPort
60741
Successfully changed project path to: D:/Unity/Havefun
D:/Unity/Havefun
[UnityMemory] Configuration Parameters - Can be set up in boot.config
    "memorysetup-bucket-allocator-granularity=16"
    "memorysetup-bucket-allocator-bucket-count=8"
    "memorysetup-bucket-allocator-block-size=33554432"
    "memorysetup-bucket-allocator-block-count=8"
    "memorysetup-main-allocator-block-size=16777216"
    "memorysetup-thread-allocator-block-size=16777216"
    "memorysetup-gfx-main-allocator-block-size=16777216"
    "memorysetup-gfx-thread-allocator-block-size=16777216"
    "memorysetup-cache-allocator-block-size=4194304"
    "memorysetup-typetree-allocator-block-size=2097152"
    "memorysetup-profiler-bucket-allocator-granularity=16"
    "memorysetup-profiler-bucket-allocator-bucket-count=8"
    "memorysetup-profiler-bucket-allocator-block-size=33554432"
    "memorysetup-profiler-bucket-allocator-block-count=8"
    "memorysetup-profiler-allocator-block-size=16777216"
    "memorysetup-profiler-editor-allocator-block-size=1048576"
    "memorysetup-temp-allocator-size-main=16777216"
    "memorysetup-job-temp-allocator-block-size=2097152"
    "memorysetup-job-temp-allocator-block-size-background=1048576"
    "memorysetup-job-temp-allocator-reduction-small-platforms=262144"
    "memorysetup-allocator-temp-initial-block-size-main=262144"
    "memorysetup-allocator-temp-initial-block-size-worker=262144"
    "memorysetup-temp-allocator-size-background-worker=32768"
    "memorysetup-temp-allocator-size-job-worker=262144"
    "memorysetup-temp-allocator-size-preload-manager=33554432"
    "memorysetup-temp-allocator-size-nav-mesh-worker=65536"
    "memorysetup-temp-allocator-size-audio-worker=65536"
    "memorysetup-temp-allocator-size-cloud-worker=32768"
    "memorysetup-temp-allocator-size-gi-baking-worker=262144"
    "memorysetup-temp-allocator-size-gfx=262144"
Player connection [36368] Host "[IP] 192.168.0.64 [Port] 0 [Flags] 2 [Guid] 3311576375 [EditorId] 3311576375 [Version] 1048832 [Id] WindowsEditor(7,Serhat-Gaming-Laptop) [Debug] 1 [PackageName] WindowsEditor [ProjectName] Editor" joined multi-casting on [225.0.0.222:54997]...

Player connection [36368] Host "[IP] 192.168.0.64 [Port] 0 [Flags] 2 [Guid] 3311576375 [EditorId] 3311576375 [Version] 1048832 [Id] WindowsEditor(7,Serhat-Gaming-Laptop) [Debug] 1 [PackageName] WindowsEditor [ProjectName] Editor" joined alternative multi-casting on [225.0.0.222:34997]...

[Physics::Module] Initialized MultithreadedJobDispatcher with 15 workers.
Refreshing native plugins compatible for Editor in 10.84 ms, found 3 plugins.
Preloading 0 native plugins for Editor in 0.00 ms.
Initialize engine version: 2022.3.25f1 (530ae0ba3889)
[Subsystems] Discovering subsystems at path C:/Program Files/Unity/Hub/Editor/2022.3.25f1/Editor/Data/Resources/UnitySubsystems
[Subsystems] Discovering subsystems at path D:/Unity/Havefun/Assets
GfxDevice: creating device client; threaded=0; jobified=0
Direct3D:
    Version:  Direct3D 11.0 [level 11.1]
    Renderer: NVIDIA GeForce GTX 1650 Ti (ID=0x1f95)
    Vendor:   NVIDIA
    VRAM:     3935 MB
    Driver:   31.0.15.5244
Initialize mono
Mono path[0] = 'C:/Program Files/Unity/Hub/Editor/2022.3.25f1/Editor/Data/Managed'
Mono path[1] = 'C:/Program Files/Unity/Hub/Editor/2022.3.25f1/Editor/Data/MonoBleedingEdge/lib/mono/unityjit-win32'
Mono config path = 'C:/Program Files/Unity/Hub/Editor/2022.3.25f1/Editor/Data/MonoBleedingEdge/etc'
Using monoOptions --debugger-agent=transport=dt_socket,embedding=1,server=y,suspend=n,address=127.0.0.1:56364
Begin MonoManager ReloadAssembly
Registering precompiled unity dll's ...
Register platform support module: C:/Program Files/Unity/Hub/Editor/2022.3.25f1/Editor/Data/PlaybackEngines/WebGLSupport/UnityEditor.WebGL.Extensions.dll
Register platform support module: C:/Program Files/Unity/Hub/Editor/2022.3.25f1/Editor/Data/PlaybackEngines/AndroidPlayer/UnityEditor.Android.Extensions.dll
Register platform support module: C:/Program Files/Unity/Hub/Editor/2022.3.25f1/Editor/Data/PlaybackEngines/iOSSupport/UnityEditor.iOS.Extensions.dll
Register platform support module: C:/Program Files/Unity/Hub/Editor/2022.3.25f1/Editor/Data/PlaybackEngines/WindowsStandaloneSupport/UnityEditor.WindowsStandalone.Extensions.dll
Registered in 0.028987 seconds.
- Loaded All Assemblies, in  0.701 seconds
Native extension for WindowsStandalone target not found
[usbmuxd] Start listen thread
[usbmuxd] Listen thread started
Native extension for iOS target not found
Native extension for Android target not found
Android Extension - Scanning For ADB Devices 538 ms
Native extension for WebGL target not found
Mono: successfully reloaded assembly
- Finished resetting the current domain, in  1.096 seconds
Domain Reload Profiling: 1791ms
	BeginReloadAssembly (238ms)
		ExecutionOrderSort (0ms)
		DisableScriptedObjects (0ms)
		BackupInstance (0ms)
		ReleaseScriptingObjects (0ms)
		CreateAndSetChildDomain (1ms)
	RebuildCommonClasses (55ms)
	RebuildNativeTypeToScriptingClass (14ms)
	initialDomainReloadingComplete (118ms)
	LoadAllAssembliesAndSetupDomain (270ms)
		LoadAssemblies (238ms)
		RebuildTransferFunctionScriptingTraits (0ms)
		AnalyzeDomain (262ms)
			TypeCache.Refresh (260ms)
				TypeCache.ScanAssembly (238ms)
			ScanForSourceGeneratedMonoScriptInfo (0ms)
			ResolveRequiredComponents (0ms)
	FinalizeReload (1096ms)
		ReleaseScriptCaches (0ms)
		RebuildScriptCaches (0ms)
		SetupLoadedEditorAssemblies (1013ms)
			LogAssemblyErrors (0ms)
			InitializePlatformSupportModulesInManaged (734ms)
			SetLoadedEditorAssemblies (6ms)
			RefreshPlugins (0ms)
			BeforeProcessingInitializeOnLoad (3ms)
			ProcessInitializeOnLoadAttributes (195ms)
			ProcessInitializeOnLoadMethodAttributes (75ms)
			AfterProcessingInitializeOnLoad (0ms)
			EditorAssembliesLoaded (0ms)
		ExecutionOrderSort2 (0ms)
		AwakeInstancesAfterBackupRestoration (0ms)
========================================================================
Worker process is ready to serve import requests
Begin MonoManager ReloadAssembly
- Loaded All Assemblies, in  1.137 seconds
Refreshing native plugins compatible for Editor in 3.41 ms, found 3 plugins.
Native extension for WindowsStandalone target not found
Native extension for iOS target not found
Native extension for Android target not found
Native extension for WebGL target not found
Mono: successfully reloaded assembly
- Finished resetting the current domain, in  1.268 seconds
Domain Reload Profiling: 2400ms
	BeginReloadAssembly (239ms)
		ExecutionOrderSort (0ms)
		DisableScriptedObjects (7ms)
		BackupInstance (0ms)
		ReleaseScriptingObjects (0ms)
		CreateAndSetChildDomain (33ms)
	RebuildCommonClasses (52ms)
	RebuildNativeTypeToScriptingClass (13ms)
	initialDomainReloadingComplete (74ms)
	LoadAllAssembliesAndSetupDomain (755ms)
		LoadAssemblies (646ms)
		RebuildTransferFunctionScriptingTraits (0ms)
		AnalyzeDomain (261ms)
			TypeCache.Refresh (233ms)
				TypeCache.ScanAssembly (208ms)
			ScanForSourceGeneratedMonoScriptInfo (20ms)
			ResolveRequiredComponents (6ms)
	FinalizeReload (1269ms)
		ReleaseScriptCaches (0ms)
		RebuildScriptCaches (0ms)
		SetupLoadedEditorAssemblies (1014ms)
			LogAssemblyErrors (0ms)
			InitializePlatformSupportModulesInManaged (77ms)
			SetLoadedEditorAssemblies (7ms)
			RefreshPlugins (0ms)
			BeforeProcessingInitializeOnLoad (105ms)
			ProcessInitializeOnLoadAttributes (762ms)
			ProcessInitializeOnLoadMethodAttributes (43ms)
			AfterProcessingInitializeOnLoad (20ms)
			EditorAssembliesLoaded (0ms)
		ExecutionOrderSort2 (0ms)
		AwakeInstancesAfterBackupRestoration (15ms)
Launched and connected shader compiler UnityShaderCompiler.exe after 0.10 seconds
Refreshing native plugins compatible for Editor in 7.09 ms, found 3 plugins.
Preloading 0 native plugins for Editor in 0.00 ms.
Unloading 3108 Unused Serialized files (Serialized files now loaded: 0)
Unloading 33 unused Assets / (57.2 KB). Loaded Objects now: 3575.
Memory consumption went from 128.8 MB to 128.7 MB.
Total: 4.942800 ms (FindLiveObjects: 0.353600 ms CreateObjectMapping: 0.172200 ms MarkObjects: 4.267200 ms  DeleteObjects: 0.148200 ms)

AssetImportParameters requested are different than current active one (requested -> active):
  custom:container-demuxer-ogg: 62fdf1f143b41e24485cea50d1cbac27 -> 
  custom:video-codec-MediaFoundation-h265: 746d11721c4dcdbdad8f713fa42b33f4 -> 
  custom:video-decoder-ogg-theora: a1e56fd34408186e4bbccfd4996cb3dc -> 
  custom:framework-win-MediaFoundation: 216162199b28c13a410421893ffa2e32 -> 
  custom:CustomObjectIndexerAttribute: 9a22284fe3817be447336de3de66b15e -> 
  custom:container-demuxer-webm: 4f35f7cbe854078d1ac9338744f61a02 -> 
  custom:container-muxer-webm: aa71ff27fc2769a1b78a27578f13a17b -> 
  custom:video-decoder-webm-vp8: 9c59270c3fd7afecdb556c50c9e8de78 -> 
  custom:SearchIndexIgnoredProperties: e643bd26f0fe6173181afceb89e7c659 -> 
  custom:AudioImporter_EditorPlatform: d09bf68614088b80899f8185d706f6e7 -> 
  custom:video-encoder-webm-vp8: eb34c28f22e8b96e1ab97ce403110664 -> 
  custom:audio-decoder-ogg-vorbis: bf7c407c2cedff20999df2af8eb42d56 -> 
  custom:audio-encoder-webm-vorbis: bf7c407c2cedff20999df2af8eb42d56 -> 
========================================================================
Received Import Request.
  Time since last request: 4370.598292 seconds.
  path: Assets/Map/kenney_train-kit/Models/FBX format/railroad-damaged-straight-skew-left-side.fbx
  artifactKey: Guid(41ebb06e6e71d914c92af319f8e5d6bf) Importer(815301076,1909f56bfc062723c751e8b465ee728b)
Start importing Assets/Map/kenney_train-kit/Models/FBX format/railroad-damaged-straight-skew-left-side.fbx using Guid(41ebb06e6e71d914c92af319f8e5d6bf) Importer(815301076,1909f56bfc062723c751e8b465ee728b)  -> (artifact id: '40ce56ae1c8d0523a03cd153fbb2fd68') in 0.242994 seconds
Number of updated asset objects reloaded before import = 0
Number of asset objects unloaded after import = 9
========================================================================
Received Import Request.
  Time since last request: 0.000050 seconds.
  path: Assets/Map/kenney_train-kit/Models/FBX format/railroad-rail-straight.fbx
  artifactKey: Guid(d2fbc655adf47b942ba86ca3c67c3813) Importer(815301076,1909f56bfc062723c751e8b465ee728b)
Start importing Assets/Map/kenney_train-kit/Models/FBX format/railroad-rail-straight.fbx using Guid(d2fbc655adf47b942ba86ca3c67c3813) Importer(815301076,1909f56bfc062723c751e8b465ee728b)  -> (artifact id: '83b2c80a7d37647269687d158acd7f47') in 0.032211 seconds
Number of updated asset objects reloaded before import = 0
Number of asset objects unloaded after import = 9
========================================================================
Received Import Request.
  Time since last request: 0.000039 seconds.
  path: Assets/Map/kenney_train-kit/Models/FBX format/railroad-rail-curve.fbx
  artifactKey: Guid(bb50b9c1c72e8ea4a9103355c0f4f169) Importer(815301076,1909f56bfc062723c751e8b465ee728b)
Start importing Assets/Map/kenney_train-kit/Models/FBX format/railroad-rail-curve.fbx using Guid(bb50b9c1c72e8ea4a9103355c0f4f169) Importer(815301076,1909f56bfc062723c751e8b465ee728b)  -> (artifact id: '913c0e536b24f2fbdaa37b62811b2081') in 0.032480 seconds
Number of updated asset objects reloaded before import = 0
Number of asset objects unloaded after import = 9
========================================================================
Received Import Request.
  Time since last request: 0.000033 seconds.
  path: Assets/Map/kenney_train-kit/Models/FBX format/railroad-damaged-straight-skew-right.fbx
  artifactKey: Guid(907fc28557291b74eb051b65669543ee) Importer(815301076,1909f56bfc062723c751e8b465ee728b)
Start importing Assets/Map/kenney_train-kit/Models/FBX format/railroad-damaged-straight-skew-right.fbx using Guid(907fc28557291b74eb051b65669543ee) Importer(815301076,1909f56bfc062723c751e8b465ee728b)  -> (artifact id: '1f8f5dc5cd65cf9bb36b608eac7ab337') in 0.033668 seconds
Number of updated asset objects reloaded before import = 0
Number of asset objects unloaded after import = 9
========================================================================
Received Import Request.
  Time since last request: 0.000024 seconds.
  path: Assets/Map/kenney_train-kit/Models/FBX format/railroad-damaged-straight-hill-beginning.fbx
  artifactKey: Guid(14fa271d2a363be44833ee650c5f90ff) Importer(815301076,1909f56bfc062723c751e8b465ee728b)
Start importing Assets/Map/kenney_train-kit/Models/FBX format/railroad-damaged-straight-hill-beginning.fbx using Guid(14fa271d2a363be44833ee650c5f90ff) Importer(815301076,1909f56bfc062723c751e8b465ee728b)  -> (artifact id: '30ee5c23c77247abe7061c81fc686a38') in 0.034946 seconds
Number of updated asset objects reloaded before import = 0
Number of asset objects unloaded after import = 9
========================================================================
Received Import Request.
  Time since last request: 0.000030 seconds.
  path: Assets/Map/kenney_train-kit/Models/FBX format/railroad-rail-straight-skew-left.fbx
  artifactKey: Guid(b471582542295a84a82a5eb6a0d72822) Importer(815301076,1909f56bfc062723c751e8b465ee728b)
Start importing Assets/Map/kenney_train-kit/Models/FBX format/railroad-rail-straight-skew-left.fbx using Guid(b471582542295a84a82a5eb6a0d72822) Importer(815301076,1909f56bfc062723c751e8b465ee728b)  -> (artifact id: '06ab593b2704159f1e1d4d40c1a5c294') in 0.034868 seconds
Number of updated asset objects reloaded before import = 0
Number of asset objects unloaded after import = 9
========================================================================
Received Import Request.
  Time since last request: 0.000032 seconds.
  path: Assets/Map/kenney_train-kit/Models/FBX format/railroad-rail-straight-bend-large.fbx
  artifactKey: Guid(b8b69a3ad6fbf9e49a2c22318aee50fc) Importer(815301076,1909f56bfc062723c751e8b465ee728b)
Start importing Assets/Map/kenney_train-kit/Models/FBX format/railroad-rail-straight-bend-large.fbx using Guid(b8b69a3ad6fbf9e49a2c22318aee50fc) Importer(815301076,1909f56bfc062723c751e8b465ee728b)  -> (artifact id: 'f2addc245daac5d3ba314065d088feb8') in 0.036540 seconds
Number of updated asset objects reloaded before import = 0
Number of asset objects unloaded after import = 9
========================================================================
Received Import Request.
  Time since last request: 0.000042 seconds.
  path: Assets/Map/kenney_train-kit/Models/FBX format/railroad-damaged-straight-bump-down.fbx
  artifactKey: Guid(7eb21aea82903b448a311b7817f9a8e9) Importer(815301076,1909f56bfc062723c751e8b465ee728b)
Start importing Assets/Map/kenney_train-kit/Models/FBX format/railroad-damaged-straight-bump-down.fbx using Guid(7eb21aea82903b448a311b7817f9a8e9) Importer(815301076,1909f56bfc062723c751e8b465ee728b)  -> (artifact id: 'cfcd26253b0afa3b3b5f2999d4850f63') in 0.032891 seconds
Number of updated asset objects reloaded before import = 0
Number of asset objects unloaded after import = 9
========================================================================
Received Import Request.
  Time since last request: 0.000037 seconds.
  path: Assets/Map/kenney_train-kit/Models/FBX format/railroad-rail-straight-hill-complete-half.fbx
  artifactKey: Guid(0fb2b166a5dde7a4b961cdceece3151b) Importer(815301076,1909f56bfc062723c751e8b465ee728b)
Start importing Assets/Map/kenney_train-kit/Models/FBX format/railroad-rail-straight-hill-complete-half.fbx using Guid(0fb2b166a5dde7a4b961cdceece3151b) Importer(815301076,1909f56bfc062723c751e8b465ee728b)  -> (artifact id: '0959f027e7e3694fce92fe0496a801f4') in 0.040078 seconds
Number of updated asset objects reloaded before import = 0
Number of asset objects unloaded after import = 9
========================================================================
Received Import Request.
  Time since last request: 0.000056 seconds.
  path: Assets/Map/kenney_train-kit/Models/FBX format/railroad-rail-corner-small.fbx
  artifactKey: Guid(d4c76ac8c8fc8d74d8058ff4275361d4) Importer(815301076,1909f56bfc062723c751e8b465ee728b)
Start importing Assets/Map/kenney_train-kit/Models/FBX format/railroad-rail-corner-small.fbx using Guid(d4c76ac8c8fc8d74d8058ff4275361d4) Importer(815301076,1909f56bfc062723c751e8b465ee728b)  -> (artifact id: 'dfe7e6d7f3da3424cae87fb5f0d54fed') in 0.035985 seconds
Number of updated asset objects reloaded before import = 0
Number of asset objects unloaded after import = 9
Editor requested this worker to shutdown with reason: Scaling down because of idle timeout
TcpMessagingSession - receive error: operation aborted. errorcode: 995, details: Der E/A-Vorgang wurde wegen eines Threadendes oder einer Anwendungsanforderung abgebrochen.
AssetImportWorker is now disconnected from the server
Process exiting
Exiting without the bug reporter. Application will terminate with return code 0