Using pre-set license
Built from '2022.3/staging' branch; Version is '2022.3.25f1 (530ae0ba3889) revision 5442272'; Using compiler version '192829333'; Build Type 'Release'
OS: 'Windows 11  (10.0.26300) 64bit Core' Language: 'de' Physical Memory: 15741 MB
BatchMode: 1, IsHumanControllingUs: 0, StartBugReporterOnCrash: 0, Is64bit: 1, IsPro: 1

COMMAND LINE ARGUMENTS:
C:\Program Files\Unity\Hub\Editor\2022.3.25f1\Editor\Unity.exe
-adb2
-batchMode
-noUpm
-name
AssetImportWorker2
-projectPath
D:/Unity/Havefun
-logFile
Logs/AssetImportWorker2.log
-srvPort
60741
Successfully changed project path to: D:/Unity/Havefun
D:/Unity/Havefun
[UnityMemory] Configuration Parameters - Can be set up in boot.config
    "memorysetup-bucket-allocator-granularity=16"
    "memorysetup-bucket-allocator-bucket-count=8"
    "memorysetup-bucket-allocator-block-size=33554432"
    "memorysetup-bucket-allocator-block-count=8"
    "memorysetup-main-allocator-block-size=16777216"
    "memorysetup-thread-allocator-block-size=16777216"
    "memorysetup-gfx-main-allocator-block-size=16777216"
    "memorysetup-gfx-thread-allocator-block-size=16777216"
    "memorysetup-cache-allocator-block-size=4194304"
    "memorysetup-typetree-allocator-block-size=2097152"
    "memorysetup-profiler-bucket-allocator-granularity=16"
    "memorysetup-profiler-bucket-allocator-bucket-count=8"
    "memorysetup-profiler-bucket-allocator-block-size=33554432"
    "memorysetup-profiler-bucket-allocator-block-count=8"
    "memorysetup-profiler-allocator-block-size=16777216"
    "memorysetup-profiler-editor-allocator-block-size=1048576"
    "memorysetup-temp-allocator-size-main=16777216"
    "memorysetup-job-temp-allocator-block-size=2097152"
    "memorysetup-job-temp-allocator-block-size-background=1048576"
    "memorysetup-job-temp-allocator-reduction-small-platforms=262144"
    "memorysetup-allocator-temp-initial-block-size-main=262144"
    "memorysetup-allocator-temp-initial-block-size-worker=262144"
    "memorysetup-temp-allocator-size-background-worker=32768"
    "memorysetup-temp-allocator-size-job-worker=262144"
    "memorysetup-temp-allocator-size-preload-manager=33554432"
    "memorysetup-temp-allocator-size-nav-mesh-worker=65536"
    "memorysetup-temp-allocator-size-audio-worker=65536"
    "memorysetup-temp-allocator-size-cloud-worker=32768"
    "memorysetup-temp-allocator-size-gi-baking-worker=262144"
    "memorysetup-temp-allocator-size-gfx=262144"
Player connection [36332] Host "[IP] 192.168.0.64 [Port] 0 [Flags] 2 [Guid] 3912015334 [EditorId] 3912015334 [Version] 1048832 [Id] WindowsEditor(7,Serhat-Gaming-Laptop) [Debug] 1 [PackageName] WindowsEditor [ProjectName] Editor" joined multi-casting on [225.0.0.222:54997]...

Player connection [36332] Host "[IP] 192.168.0.64 [Port] 0 [Flags] 2 [Guid] 3912015334 [EditorId] 3912015334 [Version] 1048832 [Id] WindowsEditor(7,Serhat-Gaming-Laptop) [Debug] 1 [PackageName] WindowsEditor [ProjectName] Editor" joined alternative multi-casting on [225.0.0.222:34997]...

[Physics::Module] Initialized MultithreadedJobDispatcher with 15 workers.
Refreshing native plugins compatible for Editor in 10.16 ms, found 3 plugins.
Preloading 0 native plugins for Editor in 0.00 ms.
Initialize engine version: 2022.3.25f1 (530ae0ba3889)
[Subsystems] Discovering subsystems at path C:/Program Files/Unity/Hub/Editor/2022.3.25f1/Editor/Data/Resources/UnitySubsystems
[Subsystems] Discovering subsystems at path D:/Unity/Havefun/Assets
GfxDevice: creating device client; threaded=0; jobified=0
Direct3D:
    Version:  Direct3D 11.0 [level 11.1]
    Renderer: NVIDIA GeForce GTX 1650 Ti (ID=0x1f95)
    Vendor:   NVIDIA
    VRAM:     3935 MB
    Driver:   31.0.15.5244
Initialize mono
Mono path[0] = 'C:/Program Files/Unity/Hub/Editor/2022.3.25f1/Editor/Data/Managed'
Mono path[1] = 'C:/Program Files/Unity/Hub/Editor/2022.3.25f1/Editor/Data/MonoBleedingEdge/lib/mono/unityjit-win32'
Mono config path = 'C:/Program Files/Unity/Hub/Editor/2022.3.25f1/Editor/Data/MonoBleedingEdge/etc'
Using monoOptions --debugger-agent=transport=dt_socket,embedding=1,server=y,suspend=n,address=127.0.0.1:56328
Begin MonoManager ReloadAssembly
Registering precompiled unity dll's ...
Register platform support module: C:/Program Files/Unity/Hub/Editor/2022.3.25f1/Editor/Data/PlaybackEngines/WebGLSupport/UnityEditor.WebGL.Extensions.dll
Register platform support module: C:/Program Files/Unity/Hub/Editor/2022.3.25f1/Editor/Data/PlaybackEngines/AndroidPlayer/UnityEditor.Android.Extensions.dll
Register platform support module: C:/Program Files/Unity/Hub/Editor/2022.3.25f1/Editor/Data/PlaybackEngines/iOSSupport/UnityEditor.iOS.Extensions.dll
Register platform support module: C:/Program Files/Unity/Hub/Editor/2022.3.25f1/Editor/Data/PlaybackEngines/WindowsStandaloneSupport/UnityEditor.WindowsStandalone.Extensions.dll
Registered in 0.029090 seconds.
- Loaded All Assemblies, in  0.697 seconds
Native extension for WindowsStandalone target not found
[usbmuxd] Start listen thread
[usbmuxd] Listen thread started
Native extension for iOS target not found
Native extension for Android target not found
Android Extension - Scanning For ADB Devices 512 ms
Native extension for WebGL target not found
Mono: successfully reloaded assembly
- Finished resetting the current domain, in  1.088 seconds
Domain Reload Profiling: 1780ms
	BeginReloadAssembly (241ms)
		ExecutionOrderSort (0ms)
		DisableScriptedObjects (0ms)
		BackupInstance (0ms)
		ReleaseScriptingObjects (0ms)
		CreateAndSetChildDomain (1ms)
	RebuildCommonClasses (54ms)
	RebuildNativeTypeToScriptingClass (14ms)
	initialDomainReloadingComplete (116ms)
	LoadAllAssembliesAndSetupDomain (266ms)
		LoadAssemblies (239ms)
		RebuildTransferFunctionScriptingTraits (0ms)
		AnalyzeDomain (259ms)
			TypeCache.Refresh (257ms)
				TypeCache.ScanAssembly (232ms)
			ScanForSourceGeneratedMonoScriptInfo (1ms)
			ResolveRequiredComponents (1ms)
	FinalizeReload (1089ms)
		ReleaseScriptCaches (0ms)
		RebuildScriptCaches (0ms)
		SetupLoadedEditorAssemblies (1008ms)
			LogAssemblyErrors (0ms)
			InitializePlatformSupportModulesInManaged (722ms)
			SetLoadedEditorAssemblies (7ms)
			RefreshPlugins (0ms)
			BeforeProcessingInitializeOnLoad (3ms)
			ProcessInitializeOnLoadAttributes (195ms)
			ProcessInitializeOnLoadMethodAttributes (80ms)
			AfterProcessingInitializeOnLoad (0ms)
			EditorAssembliesLoaded (0ms)
		ExecutionOrderSort2 (0ms)
		AwakeInstancesAfterBackupRestoration (0ms)
========================================================================
Worker process is ready to serve import requests
Begin MonoManager ReloadAssembly
- Loaded All Assemblies, in  1.123 seconds
Refreshing native plugins compatible for Editor in 5.36 ms, found 3 plugins.
Native extension for WindowsStandalone target not found
Native extension for iOS target not found
Native extension for Android target not found
Native extension for WebGL target not found
Mono: successfully reloaded assembly
- Finished resetting the current domain, in  1.249 seconds
Domain Reload Profiling: 2367ms
	BeginReloadAssembly (249ms)
		ExecutionOrderSort (0ms)
		DisableScriptedObjects (7ms)
		BackupInstance (0ms)
		ReleaseScriptingObjects (0ms)
		CreateAndSetChildDomain (33ms)
	RebuildCommonClasses (57ms)
	RebuildNativeTypeToScriptingClass (13ms)
	initialDomainReloadingComplete (83ms)
	LoadAllAssembliesAndSetupDomain (715ms)
		LoadAssemblies (620ms)
		RebuildTransferFunctionScriptingTraits (0ms)
		AnalyzeDomain (255ms)
			TypeCache.Refresh (228ms)
				TypeCache.ScanAssembly (200ms)
			ScanForSourceGeneratedMonoScriptInfo (19ms)
			ResolveRequiredComponents (5ms)
	FinalizeReload (1250ms)
		ReleaseScriptCaches (0ms)
		RebuildScriptCaches (0ms)
		SetupLoadedEditorAssemblies (1003ms)
			LogAssemblyErrors (0ms)
			InitializePlatformSupportModulesInManaged (70ms)
			SetLoadedEditorAssemblies (6ms)
			RefreshPlugins (0ms)
			BeforeProcessingInitializeOnLoad (100ms)
			ProcessInitializeOnLoadAttributes (769ms)
			ProcessInitializeOnLoadMethodAttributes (37ms)
			AfterProcessingInitializeOnLoad (22ms)
			EditorAssembliesLoaded (0ms)
		ExecutionOrderSort2 (0ms)
		AwakeInstancesAfterBackupRestoration (16ms)
Launched and connected shader compiler UnityShaderCompiler.exe after 0.10 seconds
Refreshing native plugins compatible for Editor in 7.31 ms, found 3 plugins.
Preloading 0 native plugins for Editor in 0.00 ms.
Unloading 3108 Unused Serialized files (Serialized files now loaded: 0)
Unloading 33 unused Assets / (57.2 KB). Loaded Objects now: 3575.
Memory consumption went from 128.8 MB to 128.7 MB.
Total: 5.340300 ms (FindLiveObjects: 0.431400 ms CreateObjectMapping: 0.196100 ms MarkObjects: 4.508200 ms  DeleteObjects: 0.202800 ms)

AssetImportParameters requested are different than current active one (requested -> active):
  custom:container-demuxer-ogg: 62fdf1f143b41e24485cea50d1cbac27 -> 
  custom:video-codec-MediaFoundation-h265: 746d11721c4dcdbdad8f713fa42b33f4 -> 
  custom:video-decoder-ogg-theora: a1e56fd34408186e4bbccfd4996cb3dc -> 
  custom:framework-win-MediaFoundation: 216162199b28c13a410421893ffa2e32 -> 
  custom:CustomObjectIndexerAttribute: 9a22284fe3817be447336de3de66b15e -> 
  custom:container-demuxer-webm: 4f35f7cbe854078d1ac9338744f61a02 -> 
  custom:container-muxer-webm: aa71ff27fc2769a1b78a27578f13a17b -> 
  custom:video-decoder-webm-vp8: 9c59270c3fd7afecdb556c50c9e8de78 -> 
  custom:SearchIndexIgnoredProperties: e643bd26f0fe6173181afceb89e7c659 -> 
  custom:AudioImporter_EditorPlatform: d09bf68614088b80899f8185d706f6e7 -> 
  custom:video-encoder-webm-vp8: eb34c28f22e8b96e1ab97ce403110664 -> 
  custom:audio-decoder-ogg-vorbis: bf7c407c2cedff20999df2af8eb42d56 -> 
  custom:audio-encoder-webm-vorbis: bf7c407c2cedff20999df2af8eb42d56 -> 
========================================================================
Received Import Request.
  Time since last request: 4370.600182 seconds.
  path: Assets/Map/kenney_train-kit/Models/FBX format/railroad-damaged-straight-bump-up.fbx
  artifactKey: Guid(7345ff36f05dbc54aa9b027aa71b5653) Importer(815301076,1909f56bfc062723c751e8b465ee728b)
Start importing Assets/Map/kenney_train-kit/Models/FBX format/railroad-damaged-straight-bump-up.fbx using Guid(7345ff36f05dbc54aa9b027aa71b5653) Importer(815301076,1909f56bfc062723c751e8b465ee728b)  -> (artifact id: '6a816697366622b2e96dec967d0a9d0a') in 0.240319 seconds
Number of updated asset objects reloaded before import = 0
Number of asset objects unloaded after import = 9
========================================================================
Received Import Request.
  Time since last request: 0.000056 seconds.
  path: Assets/Map/kenney_train-kit/Models/FBX format/railroad-rail-straight-skew-right.fbx
  artifactKey: Guid(cad3a3de309a1a34bbe9688a89a09b91) Importer(815301076,1909f56bfc062723c751e8b465ee728b)
Start importing Assets/Map/kenney_train-kit/Models/FBX format/railroad-rail-straight-skew-right.fbx using Guid(cad3a3de309a1a34bbe9688a89a09b91) Importer(815301076,1909f56bfc062723c751e8b465ee728b)  -> (artifact id: '69c4c76c255c065c67cb8eb8976a36f5') in 0.032400 seconds
Number of updated asset objects reloaded before import = 0
Number of asset objects unloaded after import = 9
========================================================================
Received Import Request.
  Time since last request: 0.000040 seconds.
  path: Assets/Map/kenney_train-kit/Models/FBX format/railroad-damaged-straight-bend-large.fbx
  artifactKey: Guid(6c8fdef5f81bc3949915cf09349177dc) Importer(815301076,1909f56bfc062723c751e8b465ee728b)
Start importing Assets/Map/kenney_train-kit/Models/FBX format/railroad-damaged-straight-bend-large.fbx using Guid(6c8fdef5f81bc3949915cf09349177dc) Importer(815301076,1909f56bfc062723c751e8b465ee728b)  -> (artifact id: '353651b73b5bd02bd41260f441f98802') in 0.033727 seconds
Number of updated asset objects reloaded before import = 0
Number of asset objects unloaded after import = 9
========================================================================
Received Import Request.
  Time since last request: 0.000039 seconds.
  path: Assets/Map/kenney_train-kit/Models/FBX format/railroad-damaged-corner-small-ramp.fbx
  artifactKey: Guid(25b1ce7e18bffa84e8f56b122b7dbfc4) Importer(815301076,1909f56bfc062723c751e8b465ee728b)
Start importing Assets/Map/kenney_train-kit/Models/FBX format/railroad-damaged-corner-small-ramp.fbx using Guid(25b1ce7e18bffa84e8f56b122b7dbfc4) Importer(815301076,1909f56bfc062723c751e8b465ee728b)  -> (artifact id: '53ecd4b6b9efb909983d400ebaab21fe') in 0.032750 seconds
Number of updated asset objects reloaded before import = 0
Number of asset objects unloaded after import = 9
========================================================================
Received Import Request.
  Time since last request: 0.000029 seconds.
  path: Assets/Map/kenney_train-kit/Models/FBX format/railroad-rail-straight-hill-end.fbx
  artifactKey: Guid(27ab7b9d12539cc44b7dc8b3195fca74) Importer(815301076,1909f56bfc062723c751e8b465ee728b)
Start importing Assets/Map/kenney_train-kit/Models/FBX format/railroad-rail-straight-hill-end.fbx using Guid(27ab7b9d12539cc44b7dc8b3195fca74) Importer(815301076,1909f56bfc062723c751e8b465ee728b)  -> (artifact id: 'b465017992c021ed803b0b9dffb1e77e') in 0.034827 seconds
Number of updated asset objects reloaded before import = 0
Number of asset objects unloaded after import = 9
========================================================================
Received Import Request.
  Time since last request: 0.000038 seconds.
  path: Assets/Map/kenney_train-kit/Models/FBX format
  artifactKey: Guid(7f1594f853f858847a1c5db440b6c81b) Importer(815301076,1909f56bfc062723c751e8b465ee728b)
Start importing Assets/Map/kenney_train-kit/Models/FBX format using Guid(7f1594f853f858847a1c5db440b6c81b) Importer(815301076,1909f56bfc062723c751e8b465ee728b)  -> (artifact id: '944d5449fdff15b16348e0143e92110c') in 0.001134 seconds
Number of updated asset objects reloaded before import = 0
Number of asset objects unloaded after import = 0
========================================================================
Received Import Request.
  Time since last request: 0.000146 seconds.
  path: Assets/Map/kenney_train-kit/Models/FBX format/railroad-damaged-straight-hill-end.fbx
  artifactKey: Guid(164d5264ded12c14c8f879e4d3b50137) Importer(815301076,1909f56bfc062723c751e8b465ee728b)
Start importing Assets/Map/kenney_train-kit/Models/FBX format/railroad-damaged-straight-hill-end.fbx using Guid(164d5264ded12c14c8f879e4d3b50137) Importer(815301076,1909f56bfc062723c751e8b465ee728b)  -> (artifact id: 'f2044bd7bef9a0d44786112ff01c353b') in 0.032959 seconds
Number of updated asset objects reloaded before import = 0
Number of asset objects unloaded after import = 9
========================================================================
Received Import Request.
  Time since last request: 0.000035 seconds.
  path: Assets/Map/kenney_train-kit/Models/FBX format/railroad-rail-straight-skew-left-side.fbx
  artifactKey: Guid(1daaaa9bb36c8624d828a506a6a86a61) Importer(815301076,1909f56bfc062723c751e8b465ee728b)
Start importing Assets/Map/kenney_train-kit/Models/FBX format/railroad-rail-straight-skew-left-side.fbx using Guid(1daaaa9bb36c8624d828a506a6a86a61) Importer(815301076,1909f56bfc062723c751e8b465ee728b)  -> (artifact id: '01d2585dadd734d4e16b62444ee444f4') in 0.036738 seconds
Number of updated asset objects reloaded before import = 0
Number of asset objects unloaded after import = 9
========================================================================
Received Import Request.
  Time since last request: 0.000054 seconds.
  path: Assets/Map/kenney_train-kit/Models/FBX format/railroad-corner-large.fbx
  artifactKey: Guid(db24bb221e618174d9fff3bfd6e11fd8) Importer(815301076,1909f56bfc062723c751e8b465ee728b)
Start importing Assets/Map/kenney_train-kit/Models/FBX format/railroad-corner-large.fbx using Guid(db24bb221e618174d9fff3bfd6e11fd8) Importer(815301076,1909f56bfc062723c751e8b465ee728b)  -> (artifact id: 'de113d2e9405be311c2e455186b18ce6') in 0.031896 seconds
Number of updated asset objects reloaded before import = 0
Number of asset objects unloaded after import = 9
========================================================================
Received Import Request.
  Time since last request: 0.000035 seconds.
  path: Assets/Map/kenney_train-kit/Models/FBX format/railroad-rail-corner-small-ramp.fbx
  artifactKey: Guid(230443a10173dc94e9a145d02456bfa2) Importer(815301076,1909f56bfc062723c751e8b465ee728b)
Start importing Assets/Map/kenney_train-kit/Models/FBX format/railroad-rail-corner-small-ramp.fbx using Guid(230443a10173dc94e9a145d02456bfa2) Importer(815301076,1909f56bfc062723c751e8b465ee728b)  -> (artifact id: '5ee059090c4197e3096b37250fbc60c4') in 0.037388 seconds
Number of updated asset objects reloaded before import = 0
Number of asset objects unloaded after import = 9
========================================================================
Received Import Request.
  Time since last request: 0.000085 seconds.
  path: Assets/Map/kenney_train-kit/Models/FBX format/railroad-damaged-straight.fbx
  artifactKey: Guid(77295108dabb35b45a97f1fbffd97336) Importer(815301076,1909f56bfc062723c751e8b465ee728b)
Start importing Assets/Map/kenney_train-kit/Models/FBX format/railroad-damaged-straight.fbx using Guid(77295108dabb35b45a97f1fbffd97336) Importer(815301076,1909f56bfc062723c751e8b465ee728b)  -> (artifact id: '9be2b2e1b744a42ff4dc4f8566fdce95') in 0.039233 seconds
Number of updated asset objects reloaded before import = 0
Number of asset objects unloaded after import = 9
========================================================================
Received Import Request.
  Time since last request: 22.562203 seconds.
  path: Assets/Map/kenney_train-kit/Visit Patreon.url
  artifactKey: Guid(39437eba7fcea8b45bc3e6103818d8b2) Importer(815301076,1909f56bfc062723c751e8b465ee728b)
Start importing Assets/Map/kenney_train-kit/Visit Patreon.url using Guid(39437eba7fcea8b45bc3e6103818d8b2) Importer(815301076,1909f56bfc062723c751e8b465ee728b)  -> (artifact id: 'd8c4ea917384063e5536bfa971c3b90e') in 0.002755 seconds
Number of updated asset objects reloaded before import = 0
Number of asset objects unloaded after import = 1
========================================================================
Received Import Request.
  Time since last request: 7.361402 seconds.
  path: Assets/Map/kenney_train-kit/kruisdaalder-cross-daalder-1568
  artifactKey: Guid(35e1dfc5470e46c458554e05db630c8a) Importer(815301076,1909f56bfc062723c751e8b465ee728b)
Start importing Assets/Map/kenney_train-kit/kruisdaalder-cross-daalder-1568 using Guid(35e1dfc5470e46c458554e05db630c8a) Importer(815301076,1909f56bfc062723c751e8b465ee728b)  -> (artifact id: '64c0e38e06c7ea40fa3d345da562f230') in 0.000513 seconds
Number of updated asset objects reloaded before import = 0
Number of asset objects unloaded after import = 0
========================================================================
Received Import Request.
  Time since last request: 1.233931 seconds.
  path: Assets/Map/kenney_train-kit/kruisdaalder-cross-daalder-1568/source
  artifactKey: Guid(efca8fb42c2623d4daccb756f353a398) Importer(815301076,1909f56bfc062723c751e8b465ee728b)
Start importing Assets/Map/kenney_train-kit/kruisdaalder-cross-daalder-1568/source using Guid(efca8fb42c2623d4daccb756f353a398) Importer(815301076,1909f56bfc062723c751e8b465ee728b)  -> (artifact id: 'bc547f2aa27234fe13d1f2cb28593961') in 0.000960 seconds
Number of updated asset objects reloaded before import = 0
Number of asset objects unloaded after import = 0
========================================================================
Received Import Request.
  Time since last request: 0.717456 seconds.
  path: Assets/Map/kenney_train-kit/kruisdaalder-cross-daalder-1568/source/model.zip
  artifactKey: Guid(7a1eb0653aedfa64e8f928b836219d24) Importer(815301076,1909f56bfc062723c751e8b465ee728b)
Start importing Assets/Map/kenney_train-kit/kruisdaalder-cross-daalder-1568/source/model.zip using Guid(7a1eb0653aedfa64e8f928b836219d24) Importer(815301076,1909f56bfc062723c751e8b465ee728b)  -> (artifact id: '706ad270053d5069db04aa94a04167d7') in 0.000783 seconds
Number of updated asset objects reloaded before import = 0
Number of asset objects unloaded after import = 1
========================================================================
Received Import Request.
  Time since last request: 63.927449 seconds.
  path: Assets/Map/kenney_train-kit/kruisdaalder-cross-daalder-1568/source/model
  artifactKey: Guid(7383d5766ee485c4b89af4ae9097c8b3) Importer(815301076,1909f56bfc062723c751e8b465ee728b)
Start importing Assets/Map/kenney_train-kit/kruisdaalder-cross-daalder-1568/source/model using Guid(7383d5766ee485c4b89af4ae9097c8b3) Importer(815301076,1909f56bfc062723c751e8b465ee728b)  -> (artifact id: 'e5c5491a857694da950ed45a82dcf6a9') in 0.000421 seconds
Number of updated asset objects reloaded before import = 0
Number of asset objects unloaded after import = 0
========================================================================
Received Import Request.
  Time since last request: 0.052670 seconds.
  path: Assets/Map/kenney_train-kit/kruisdaalder-cross-daalder-1568/source/model/model.fbx
  artifactKey: Guid(70362f90df5fe4d42a73035dc6d5f581) Importer(815301076,1909f56bfc062723c751e8b465ee728b)
Start importing Assets/Map/kenney_train-kit/kruisdaalder-cross-daalder-1568/source/model/model.fbx using Guid(70362f90df5fe4d42a73035dc6d5f581) Importer(815301076,1909f56bfc062723c751e8b465ee728b)  -> (artifact id: '1e5300c6b7af5a64d9e3034df7275287') in 0.046197 seconds
Number of updated asset objects reloaded before import = 0
Number of asset objects unloaded after import = 9
========================================================================
Received Prepare
Begin MonoManager ReloadAssembly
- Loaded All Assemblies, in  0.578 seconds
Refreshing native plugins compatible for Editor in 4.47 ms, found 3 plugins.
Native extension for WindowsStandalone target not found
Native extension for iOS target not found
Native extension for Android target not found
Native extension for WebGL target not found
Mono: successfully reloaded assembly
- Finished resetting the current domain, in  2.125 seconds
Domain Reload Profiling: 2698ms
	BeginReloadAssembly (179ms)
		ExecutionOrderSort (0ms)
		DisableScriptedObjects (5ms)
		BackupInstance (0ms)
		ReleaseScriptingObjects (0ms)
		CreateAndSetChildDomain (38ms)
	RebuildCommonClasses (42ms)
	RebuildNativeTypeToScriptingClass (12ms)
	initialDomainReloadingComplete (36ms)
	LoadAllAssembliesAndSetupDomain (304ms)
		LoadAssemblies (392ms)
		RebuildTransferFunctionScriptingTraits (0ms)
		AnalyzeDomain (16ms)
			TypeCache.Refresh (7ms)
				TypeCache.ScanAssembly (0ms)
			ScanForSourceGeneratedMonoScriptInfo (0ms)
			ResolveRequiredComponents (6ms)
	FinalizeReload (2125ms)
		ReleaseScriptCaches (0ms)
		RebuildScriptCaches (0ms)
		SetupLoadedEditorAssemblies (532ms)
			LogAssemblyErrors (0ms)
			InitializePlatformSupportModulesInManaged (45ms)
			SetLoadedEditorAssemblies (4ms)
			RefreshPlugins (0ms)
			BeforeProcessingInitializeOnLoad (68ms)
			ProcessInitializeOnLoadAttributes (379ms)
			ProcessInitializeOnLoadMethodAttributes (23ms)
			AfterProcessingInitializeOnLoad (13ms)
			EditorAssembliesLoaded (0ms)
		ExecutionOrderSort2 (0ms)
		AwakeInstancesAfterBackupRestoration (11ms)
Refreshing native plugins compatible for Editor in 4.20 ms, found 3 plugins.
Preloading 0 native plugins for Editor in 0.00 ms.
Unloading 3099 Unused Serialized files (Serialized files now loaded: 0)
Unloading 24 unused Assets / (31.1 KB). Loaded Objects now: 3621.
Memory consumption went from 128.3 MB to 128.3 MB.
Total: 3.599900 ms (FindLiveObjects: 0.505300 ms CreateObjectMapping: 0.124500 ms MarkObjects: 2.907300 ms  DeleteObjects: 0.060800 ms)

Prepare: number of updated asset objects reloaded= 0
AssetImportParameters requested are different than current active one (requested -> active):
  custom:container-demuxer-ogg: 62fdf1f143b41e24485cea50d1cbac27 -> 
  custom:video-codec-MediaFoundation-h265: 746d11721c4dcdbdad8f713fa42b33f4 -> 
  custom:video-decoder-ogg-theora: a1e56fd34408186e4bbccfd4996cb3dc -> 
  custom:framework-win-MediaFoundation: 216162199b28c13a410421893ffa2e32 -> 
  custom:CustomObjectIndexerAttribute: 9a22284fe3817be447336de3de66b15e -> 
  custom:container-demuxer-webm: 4f35f7cbe854078d1ac9338744f61a02 -> 
  custom:container-muxer-webm: aa71ff27fc2769a1b78a27578f13a17b -> 
  custom:video-decoder-webm-vp8: 9c59270c3fd7afecdb556c50c9e8de78 -> 
  custom:SearchIndexIgnoredProperties: e643bd26f0fe6173181afceb89e7c659 -> 
  custom:AudioImporter_EditorPlatform: d09bf68614088b80899f8185d706f6e7 -> 
  custom:video-encoder-webm-vp8: eb34c28f22e8b96e1ab97ce403110664 -> 
  custom:audio-decoder-ogg-vorbis: bf7c407c2cedff20999df2af8eb42d56 -> 
  custom:audio-encoder-webm-vorbis: bf7c407c2cedff20999df2af8eb42d56 -> 
========================================================================
Received Prepare
Begin MonoManager ReloadAssembly
- Loaded All Assemblies, in  0.530 seconds
Refreshing native plugins compatible for Editor in 3.20 ms, found 3 plugins.
Native extension for WindowsStandalone target not found
Native extension for iOS target not found
Native extension for Android target not found
Native extension for WebGL target not found
Mono: successfully reloaded assembly
- Finished resetting the current domain, in  1.507 seconds
Domain Reload Profiling: 2034ms
	BeginReloadAssembly (177ms)
		ExecutionOrderSort (0ms)
		DisableScriptedObjects (4ms)
		BackupInstance (0ms)
		ReleaseScriptingObjects (0ms)
		CreateAndSetChildDomain (36ms)
	RebuildCommonClasses (34ms)
	RebuildNativeTypeToScriptingClass (11ms)
	initialDomainReloadingComplete (36ms)
	LoadAllAssembliesAndSetupDomain (268ms)
		LoadAssemblies (351ms)
		RebuildTransferFunctionScriptingTraits (0ms)
		AnalyzeDomain (14ms)
			TypeCache.Refresh (7ms)
				TypeCache.ScanAssembly (0ms)
			ScanForSourceGeneratedMonoScriptInfo (0ms)
			ResolveRequiredComponents (5ms)
	FinalizeReload (1508ms)
		ReleaseScriptCaches (0ms)
		RebuildScriptCaches (0ms)
		SetupLoadedEditorAssemblies (610ms)
			LogAssemblyErrors (0ms)
			InitializePlatformSupportModulesInManaged (53ms)
			SetLoadedEditorAssemblies (5ms)
			RefreshPlugins (0ms)
			BeforeProcessingInitializeOnLoad (74ms)
			ProcessInitializeOnLoadAttributes (434ms)
			ProcessInitializeOnLoadMethodAttributes (28ms)
			AfterProcessingInitializeOnLoad (15ms)
			EditorAssembliesLoaded (0ms)
		ExecutionOrderSort2 (0ms)
		AwakeInstancesAfterBackupRestoration (12ms)
Refreshing native plugins compatible for Editor in 5.13 ms, found 3 plugins.
Preloading 0 native plugins for Editor in 0.00 ms.
Unloading 3100 Unused Serialized files (Serialized files now loaded: 0)
Unloading 24 unused Assets / (31.1 KB). Loaded Objects now: 3624.
Memory consumption went from 130.5 MB to 130.5 MB.
Total: 3.944200 ms (FindLiveObjects: 0.320500 ms CreateObjectMapping: 0.118200 ms MarkObjects: 3.442600 ms  DeleteObjects: 0.062000 ms)

Prepare: number of updated asset objects reloaded= 0
AssetImportParameters requested are different than current active one (requested -> active):
  custom:container-demuxer-ogg: 62fdf1f143b41e24485cea50d1cbac27 -> 
  custom:video-codec-MediaFoundation-h265: 746d11721c4dcdbdad8f713fa42b33f4 -> 
  custom:video-decoder-ogg-theora: a1e56fd34408186e4bbccfd4996cb3dc -> 
  custom:framework-win-MediaFoundation: 216162199b28c13a410421893ffa2e32 -> 
  custom:CustomObjectIndexerAttribute: 9a22284fe3817be447336de3de66b15e -> 
  custom:container-demuxer-webm: 4f35f7cbe854078d1ac9338744f61a02 -> 
  custom:container-muxer-webm: aa71ff27fc2769a1b78a27578f13a17b -> 
  custom:video-decoder-webm-vp8: 9c59270c3fd7afecdb556c50c9e8de78 -> 
  custom:SearchIndexIgnoredProperties: e643bd26f0fe6173181afceb89e7c659 -> 
  custom:AudioImporter_EditorPlatform: d09bf68614088b80899f8185d706f6e7 -> 
  custom:video-encoder-webm-vp8: eb34c28f22e8b96e1ab97ce403110664 -> 
  custom:audio-decoder-ogg-vorbis: bf7c407c2cedff20999df2af8eb42d56 -> 
  custom:audio-encoder-webm-vorbis: bf7c407c2cedff20999df2af8eb42d56 -> 
========================================================================
Received Prepare
Begin MonoManager ReloadAssembly
- Loaded All Assemblies, in  0.594 seconds
Refreshing native plugins compatible for Editor in 5.30 ms, found 3 plugins.
Native extension for WindowsStandalone target not found
Native extension for iOS target not found
Native extension for Android target not found
Native extension for WebGL target not found
Mono: successfully reloaded assembly
- Finished resetting the current domain, in  1.258 seconds
Domain Reload Profiling: 1846ms
	BeginReloadAssembly (201ms)
		ExecutionOrderSort (0ms)
		DisableScriptedObjects (7ms)
		BackupInstance (0ms)
		ReleaseScriptingObjects (0ms)
		CreateAndSetChildDomain (50ms)
	RebuildCommonClasses (38ms)
	RebuildNativeTypeToScriptingClass (12ms)
	initialDomainReloadingComplete (40ms)
	LoadAllAssembliesAndSetupDomain (296ms)
		LoadAssemblies (368ms)
		RebuildTransferFunctionScriptingTraits (0ms)
		AnalyzeDomain (36ms)
			TypeCache.Refresh (14ms)
				TypeCache.ScanAssembly (0ms)
			ScanForSourceGeneratedMonoScriptInfo (11ms)
			ResolveRequiredComponents (9ms)
	FinalizeReload (1259ms)
		ReleaseScriptCaches (0ms)
		RebuildScriptCaches (0ms)
		SetupLoadedEditorAssemblies (528ms)
			LogAssemblyErrors (0ms)
			InitializePlatformSupportModulesInManaged (45ms)
			SetLoadedEditorAssemblies (4ms)
			RefreshPlugins (0ms)
			BeforeProcessingInitializeOnLoad (66ms)
			ProcessInitializeOnLoadAttributes (366ms)
			ProcessInitializeOnLoadMethodAttributes (32ms)
			AfterProcessingInitializeOnLoad (15ms)
			EditorAssembliesLoaded (0ms)
		ExecutionOrderSort2 (0ms)
		AwakeInstancesAfterBackupRestoration (13ms)
Refreshing native plugins compatible for Editor in 3.61 ms, found 3 plugins.
Preloading 0 native plugins for Editor in 0.00 ms.
Unloading 3100 Unused Serialized files (Serialized files now loaded: 0)
Unloading 24 unused Assets / (31.1 KB). Loaded Objects now: 3627.
Memory consumption went from 132.4 MB to 132.4 MB.
Total: 2.946800 ms (FindLiveObjects: 0.335200 ms CreateObjectMapping: 0.087100 ms MarkObjects: 2.464800 ms  DeleteObjects: 0.057800 ms)

Prepare: number of updated asset objects reloaded= 0
AssetImportParameters requested are different than current active one (requested -> active):
  custom:container-demuxer-ogg: 62fdf1f143b41e24485cea50d1cbac27 -> 
  custom:video-codec-MediaFoundation-h265: 746d11721c4dcdbdad8f713fa42b33f4 -> 
  custom:video-decoder-ogg-theora: a1e56fd34408186e4bbccfd4996cb3dc -> 
  custom:framework-win-MediaFoundation: 216162199b28c13a410421893ffa2e32 -> 
  custom:CustomObjectIndexerAttribute: 9a22284fe3817be447336de3de66b15e -> 
  custom:container-demuxer-webm: 4f35f7cbe854078d1ac9338744f61a02 -> 
  custom:container-muxer-webm: aa71ff27fc2769a1b78a27578f13a17b -> 
  custom:video-decoder-webm-vp8: 9c59270c3fd7afecdb556c50c9e8de78 -> 
  custom:SearchIndexIgnoredProperties: e643bd26f0fe6173181afceb89e7c659 -> 
  custom:AudioImporter_EditorPlatform: d09bf68614088b80899f8185d706f6e7 -> 
  custom:video-encoder-webm-vp8: eb34c28f22e8b96e1ab97ce403110664 -> 
  custom:audio-decoder-ogg-vorbis: bf7c407c2cedff20999df2af8eb42d56 -> 
  custom:audio-encoder-webm-vorbis: bf7c407c2cedff20999df2af8eb42d56 -> 
========================================================================
Received Prepare
Begin MonoManager ReloadAssembly
- Loaded All Assemblies, in  0.574 seconds
Refreshing native plugins compatible for Editor in 7.66 ms, found 3 plugins.
Native extension for WindowsStandalone target not found
Native extension for iOS target not found
Native extension for Android target not found
Native extension for WebGL target not found
Mono: successfully reloaded assembly
- Finished resetting the current domain, in  1.547 seconds
Domain Reload Profiling: 2117ms
	BeginReloadAssembly (171ms)
		ExecutionOrderSort (0ms)
		DisableScriptedObjects (5ms)
		BackupInstance (0ms)
		ReleaseScriptingObjects (0ms)
		CreateAndSetChildDomain (38ms)
	RebuildCommonClasses (39ms)
	RebuildNativeTypeToScriptingClass (14ms)
	initialDomainReloadingComplete (44ms)
	LoadAllAssembliesAndSetupDomain (301ms)
		LoadAssemblies (375ms)
		RebuildTransferFunctionScriptingTraits (0ms)
		AnalyzeDomain (21ms)
			TypeCache.Refresh (9ms)
				TypeCache.ScanAssembly (0ms)
			ScanForSourceGeneratedMonoScriptInfo (0ms)
			ResolveRequiredComponents (10ms)
	FinalizeReload (1548ms)
		ReleaseScriptCaches (0ms)
		RebuildScriptCaches (0ms)
		SetupLoadedEditorAssemblies (654ms)
			LogAssemblyErrors (0ms)
			InitializePlatformSupportModulesInManaged (58ms)
			SetLoadedEditorAssemblies (7ms)
			RefreshPlugins (0ms)
			BeforeProcessingInitializeOnLoad (78ms)
			ProcessInitializeOnLoadAttributes (468ms)
			ProcessInitializeOnLoadMethodAttributes (27ms)
			AfterProcessingInitializeOnLoad (16ms)
			EditorAssembliesLoaded (0ms)
		ExecutionOrderSort2 (0ms)
		AwakeInstancesAfterBackupRestoration (13ms)
Refreshing native plugins compatible for Editor in 3.25 ms, found 3 plugins.
Preloading 0 native plugins for Editor in 0.00 ms.
Unloading 3100 Unused Serialized files (Serialized files now loaded: 0)
Unloading 24 unused Assets / (31.2 KB). Loaded Objects now: 3630.
Memory consumption went from 134.4 MB to 134.3 MB.
Total: 4.274000 ms (FindLiveObjects: 0.298600 ms CreateObjectMapping: 0.146200 ms MarkObjects: 3.732700 ms  DeleteObjects: 0.094700 ms)

Prepare: number of updated asset objects reloaded= 0
AssetImportParameters requested are different than current active one (requested -> active):
  custom:container-demuxer-ogg: 62fdf1f143b41e24485cea50d1cbac27 -> 
  custom:video-codec-MediaFoundation-h265: 746d11721c4dcdbdad8f713fa42b33f4 -> 
  custom:video-decoder-ogg-theora: a1e56fd34408186e4bbccfd4996cb3dc -> 
  custom:framework-win-MediaFoundation: 216162199b28c13a410421893ffa2e32 -> 
  custom:CustomObjectIndexerAttribute: 9a22284fe3817be447336de3de66b15e -> 
  custom:container-demuxer-webm: 4f35f7cbe854078d1ac9338744f61a02 -> 
  custom:container-muxer-webm: aa71ff27fc2769a1b78a27578f13a17b -> 
  custom:video-decoder-webm-vp8: 9c59270c3fd7afecdb556c50c9e8de78 -> 
  custom:SearchIndexIgnoredProperties: e643bd26f0fe6173181afceb89e7c659 -> 
  custom:AudioImporter_EditorPlatform: d09bf68614088b80899f8185d706f6e7 -> 
  custom:video-encoder-webm-vp8: eb34c28f22e8b96e1ab97ce403110664 -> 
  custom:audio-decoder-ogg-vorbis: bf7c407c2cedff20999df2af8eb42d56 -> 
  custom:audio-encoder-webm-vorbis: bf7c407c2cedff20999df2af8eb42d56 -> 
========================================================================
Received Prepare
Begin MonoManager ReloadAssembly
- Loaded All Assemblies, in  0.556 seconds
Refreshing native plugins compatible for Editor in 3.94 ms, found 3 plugins.
Native extension for WindowsStandalone target not found
Native extension for iOS target not found
Native extension for Android target not found
Native extension for WebGL target not found
Mono: successfully reloaded assembly
- Finished resetting the current domain, in  1.585 seconds
Domain Reload Profiling: 2137ms
	BeginReloadAssembly (171ms)
		ExecutionOrderSort (0ms)
		DisableScriptedObjects (4ms)
		BackupInstance (0ms)
		ReleaseScriptingObjects (0ms)
		CreateAndSetChildDomain (38ms)
	RebuildCommonClasses (41ms)
	RebuildNativeTypeToScriptingClass (11ms)
	initialDomainReloadingComplete (37ms)
	LoadAllAssembliesAndSetupDomain (291ms)
		LoadAssemblies (368ms)
		RebuildTransferFunctionScriptingTraits (0ms)
		AnalyzeDomain (19ms)
			TypeCache.Refresh (8ms)
				TypeCache.ScanAssembly (0ms)
			ScanForSourceGeneratedMonoScriptInfo (0ms)
			ResolveRequiredComponents (9ms)
	FinalizeReload (1586ms)
		ReleaseScriptCaches (0ms)
		RebuildScriptCaches (0ms)
		SetupLoadedEditorAssemblies (611ms)
			LogAssemblyErrors (0ms)
			InitializePlatformSupportModulesInManaged (54ms)
			SetLoadedEditorAssemblies (7ms)
			RefreshPlugins (0ms)
			BeforeProcessingInitializeOnLoad (77ms)
			ProcessInitializeOnLoadAttributes (430ms)
			ProcessInitializeOnLoadMethodAttributes (28ms)
			AfterProcessingInitializeOnLoad (16ms)
			EditorAssembliesLoaded (0ms)
		ExecutionOrderSort2 (0ms)
		AwakeInstancesAfterBackupRestoration (12ms)
Refreshing native plugins compatible for Editor in 4.60 ms, found 3 plugins.
Preloading 0 native plugins for Editor in 0.00 ms.
Unloading 3100 Unused Serialized files (Serialized files now loaded: 0)
Unloading 24 unused Assets / (31.1 KB). Loaded Objects now: 3633.
Memory consumption went from 136.3 MB to 136.3 MB.
Total: 3.297700 ms (FindLiveObjects: 0.299800 ms CreateObjectMapping: 0.124600 ms MarkObjects: 2.730000 ms  DeleteObjects: 0.141900 ms)

Prepare: number of updated asset objects reloaded= 0
AssetImportParameters requested are different than current active one (requested -> active):
  custom:container-demuxer-ogg: 62fdf1f143b41e24485cea50d1cbac27 -> 
  custom:video-codec-MediaFoundation-h265: 746d11721c4dcdbdad8f713fa42b33f4 -> 
  custom:video-decoder-ogg-theora: a1e56fd34408186e4bbccfd4996cb3dc -> 
  custom:framework-win-MediaFoundation: 216162199b28c13a410421893ffa2e32 -> 
  custom:CustomObjectIndexerAttribute: 9a22284fe3817be447336de3de66b15e -> 
  custom:container-demuxer-webm: 4f35f7cbe854078d1ac9338744f61a02 -> 
  custom:container-muxer-webm: aa71ff27fc2769a1b78a27578f13a17b -> 
  custom:video-decoder-webm-vp8: 9c59270c3fd7afecdb556c50c9e8de78 -> 
  custom:SearchIndexIgnoredProperties: e643bd26f0fe6173181afceb89e7c659 -> 
  custom:AudioImporter_EditorPlatform: d09bf68614088b80899f8185d706f6e7 -> 
  custom:video-encoder-webm-vp8: eb34c28f22e8b96e1ab97ce403110664 -> 
  custom:audio-decoder-ogg-vorbis: bf7c407c2cedff20999df2af8eb42d56 -> 
  custom:audio-encoder-webm-vorbis: bf7c407c2cedff20999df2af8eb42d56 -> 
========================================================================
Received Prepare
Begin MonoManager ReloadAssembly
- Loaded All Assemblies, in  0.600 seconds
Refreshing native plugins compatible for Editor in 3.40 ms, found 3 plugins.
Native extension for WindowsStandalone target not found
Native extension for iOS target not found
Native extension for Android target not found
Native extension for WebGL target not found
Mono: successfully reloaded assembly
- Finished resetting the current domain, in  1.252 seconds
Domain Reload Profiling: 1847ms
	BeginReloadAssembly (181ms)
		ExecutionOrderSort (0ms)
		DisableScriptedObjects (4ms)
		BackupInstance (0ms)
		ReleaseScriptingObjects (0ms)
		CreateAndSetChildDomain (42ms)
	RebuildCommonClasses (37ms)
	RebuildNativeTypeToScriptingClass (16ms)
	initialDomainReloadingComplete (42ms)
	LoadAllAssembliesAndSetupDomain (319ms)
		LoadAssemblies (399ms)
		RebuildTransferFunctionScriptingTraits (0ms)
		AnalyzeDomain (22ms)
			TypeCache.Refresh (9ms)
				TypeCache.ScanAssembly (0ms)
			ScanForSourceGeneratedMonoScriptInfo (7ms)
			ResolveRequiredComponents (5ms)
	FinalizeReload (1252ms)
		ReleaseScriptCaches (0ms)
		RebuildScriptCaches (0ms)
		SetupLoadedEditorAssemblies (480ms)
			LogAssemblyErrors (0ms)
			InitializePlatformSupportModulesInManaged (45ms)
			SetLoadedEditorAssemblies (4ms)
			RefreshPlugins (0ms)
			BeforeProcessingInitializeOnLoad (65ms)
			ProcessInitializeOnLoadAttributes (332ms)
			ProcessInitializeOnLoadMethodAttributes (20ms)
			AfterProcessingInitializeOnLoad (13ms)
			EditorAssembliesLoaded (0ms)
		ExecutionOrderSort2 (0ms)
		AwakeInstancesAfterBackupRestoration (9ms)
Refreshing native plugins compatible for Editor in 3.54 ms, found 3 plugins.
Preloading 0 native plugins for Editor in 0.00 ms.
Unloading 3101 Unused Serialized files (Serialized files now loaded: 0)
Unloading 24 unused Assets / (31.1 KB). Loaded Objects now: 3637.
Memory consumption went from 138.2 MB to 138.2 MB.
Total: 3.124800 ms (FindLiveObjects: 0.370300 ms CreateObjectMapping: 0.165300 ms MarkObjects: 2.535000 ms  DeleteObjects: 0.052500 ms)

Prepare: number of updated asset objects reloaded= 0
AssetImportParameters requested are different than current active one (requested -> active):
  custom:container-demuxer-ogg: 62fdf1f143b41e24485cea50d1cbac27 -> 
  custom:video-codec-MediaFoundation-h265: 746d11721c4dcdbdad8f713fa42b33f4 -> 
  custom:video-decoder-ogg-theora: a1e56fd34408186e4bbccfd4996cb3dc -> 
  custom:framework-win-MediaFoundation: 216162199b28c13a410421893ffa2e32 -> 
  custom:CustomObjectIndexerAttribute: 9a22284fe3817be447336de3de66b15e -> 
  custom:container-demuxer-webm: 4f35f7cbe854078d1ac9338744f61a02 -> 
  custom:container-muxer-webm: aa71ff27fc2769a1b78a27578f13a17b -> 
  custom:video-decoder-webm-vp8: 9c59270c3fd7afecdb556c50c9e8de78 -> 
  custom:SearchIndexIgnoredProperties: e643bd26f0fe6173181afceb89e7c659 -> 
  custom:AudioImporter_EditorPlatform: d09bf68614088b80899f8185d706f6e7 -> 
  custom:video-encoder-webm-vp8: eb34c28f22e8b96e1ab97ce403110664 -> 
  custom:audio-decoder-ogg-vorbis: bf7c407c2cedff20999df2af8eb42d56 -> 
  custom:audio-encoder-webm-vorbis: bf7c407c2cedff20999df2af8eb42d56 -> 
========================================================================
Received Prepare
Begin MonoManager ReloadAssembly
- Loaded All Assemblies, in  0.630 seconds
Refreshing native plugins compatible for Editor in 6.55 ms, found 3 plugins.
Native extension for WindowsStandalone target not found
Native extension for iOS target not found
Native extension for Android target not found
Native extension for WebGL target not found
Mono: successfully reloaded assembly
- Finished resetting the current domain, in  1.314 seconds
Domain Reload Profiling: 1940ms
	BeginReloadAssembly (212ms)
		ExecutionOrderSort (0ms)
		DisableScriptedObjects (6ms)
		BackupInstance (0ms)
		ReleaseScriptingObjects (0ms)
		CreateAndSetChildDomain (43ms)
	RebuildCommonClasses (43ms)
	RebuildNativeTypeToScriptingClass (15ms)
	initialDomainReloadingComplete (48ms)
	LoadAllAssembliesAndSetupDomain (307ms)
		LoadAssemblies (401ms)
		RebuildTransferFunctionScriptingTraits (0ms)
		AnalyzeDomain (28ms)
			TypeCache.Refresh (11ms)
				TypeCache.ScanAssembly (0ms)
			ScanForSourceGeneratedMonoScriptInfo (8ms)
			ResolveRequiredComponents (7ms)
	FinalizeReload (1315ms)
		ReleaseScriptCaches (0ms)
		RebuildScriptCaches (0ms)
		SetupLoadedEditorAssemblies (569ms)
			LogAssemblyErrors (0ms)
			InitializePlatformSupportModulesInManaged (56ms)
			SetLoadedEditorAssemblies (5ms)
			RefreshPlugins (0ms)
			BeforeProcessingInitializeOnLoad (77ms)
			ProcessInitializeOnLoadAttributes (388ms)
			ProcessInitializeOnLoadMethodAttributes (26ms)
			AfterProcessingInitializeOnLoad (18ms)
			EditorAssembliesLoaded (0ms)
		ExecutionOrderSort2 (0ms)
		AwakeInstancesAfterBackupRestoration (15ms)
Refreshing native plugins compatible for Editor in 3.23 ms, found 3 plugins.
Preloading 0 native plugins for Editor in 0.00 ms.
Unloading 3101 Unused Serialized files (Serialized files now loaded: 0)
Unloading 24 unused Assets / (31.1 KB). Loaded Objects now: 3640.
Memory consumption went from 140.2 MB to 140.1 MB.
Total: 3.328800 ms (FindLiveObjects: 0.516000 ms CreateObjectMapping: 0.164400 ms MarkObjects: 2.576400 ms  DeleteObjects: 0.069800 ms)

Prepare: number of updated asset objects reloaded= 0
AssetImportParameters requested are different than current active one (requested -> active):
  custom:container-demuxer-ogg: 62fdf1f143b41e24485cea50d1cbac27 -> 
  custom:video-codec-MediaFoundation-h265: 746d11721c4dcdbdad8f713fa42b33f4 -> 
  custom:video-decoder-ogg-theora: a1e56fd34408186e4bbccfd4996cb3dc -> 
  custom:framework-win-MediaFoundation: 216162199b28c13a410421893ffa2e32 -> 
  custom:CustomObjectIndexerAttribute: 9a22284fe3817be447336de3de66b15e -> 
  custom:container-demuxer-webm: 4f35f7cbe854078d1ac9338744f61a02 -> 
  custom:container-muxer-webm: aa71ff27fc2769a1b78a27578f13a17b -> 
  custom:video-decoder-webm-vp8: 9c59270c3fd7afecdb556c50c9e8de78 -> 
  custom:SearchIndexIgnoredProperties: e643bd26f0fe6173181afceb89e7c659 -> 
  custom:AudioImporter_EditorPlatform: d09bf68614088b80899f8185d706f6e7 -> 
  custom:video-encoder-webm-vp8: eb34c28f22e8b96e1ab97ce403110664 -> 
  custom:audio-decoder-ogg-vorbis: bf7c407c2cedff20999df2af8eb42d56 -> 
  custom:audio-encoder-webm-vorbis: bf7c407c2cedff20999df2af8eb42d56 -> 
========================================================================
Received Prepare
Begin MonoManager ReloadAssembly
- Loaded All Assemblies, in  0.881 seconds
Refreshing native plugins compatible for Editor in 5.32 ms, found 3 plugins.
Native extension for WindowsStandalone target not found
Native extension for iOS target not found
Native extension for Android target not found
Native extension for WebGL target not found
Mono: successfully reloaded assembly
- Finished resetting the current domain, in  2.009 seconds
Domain Reload Profiling: 2882ms
	BeginReloadAssembly (233ms)
		ExecutionOrderSort (0ms)
		DisableScriptedObjects (6ms)
		BackupInstance (0ms)
		ReleaseScriptingObjects (0ms)
		CreateAndSetChildDomain (55ms)
	RebuildCommonClasses (58ms)
	RebuildNativeTypeToScriptingClass (19ms)
	initialDomainReloadingComplete (82ms)
	LoadAllAssembliesAndSetupDomain (481ms)
		LoadAssemblies (575ms)
		RebuildTransferFunctionScriptingTraits (0ms)
		AnalyzeDomain (34ms)
			TypeCache.Refresh (13ms)
				TypeCache.ScanAssembly (0ms)
			ScanForSourceGeneratedMonoScriptInfo (10ms)
			ResolveRequiredComponents (9ms)
	FinalizeReload (2010ms)
		ReleaseScriptCaches (0ms)
		RebuildScriptCaches (0ms)
		SetupLoadedEditorAssemblies (597ms)
			LogAssemblyErrors (0ms)
			InitializePlatformSupportModulesInManaged (59ms)
			SetLoadedEditorAssemblies (4ms)
			RefreshPlugins (0ms)
			BeforeProcessingInitializeOnLoad (71ms)
			ProcessInitializeOnLoadAttributes (414ms)
			ProcessInitializeOnLoadMethodAttributes (33ms)
			AfterProcessingInitializeOnLoad (16ms)
			EditorAssembliesLoaded (0ms)
		ExecutionOrderSort2 (0ms)
		AwakeInstancesAfterBackupRestoration (12ms)
Refreshing native plugins compatible for Editor in 3.66 ms, found 3 plugins.
Preloading 0 native plugins for Editor in 0.00 ms.
Unloading 3101 Unused Serialized files (Serialized files now loaded: 0)
Unloading 24 unused Assets / (31.1 KB). Loaded Objects now: 3643.
Memory consumption went from 142.1 MB to 142.0 MB.
Total: 3.992900 ms (FindLiveObjects: 0.365000 ms CreateObjectMapping: 0.149400 ms MarkObjects: 3.399500 ms  DeleteObjects: 0.077400 ms)

Prepare: number of updated asset objects reloaded= 0
AssetImportParameters requested are different than current active one (requested -> active):
  custom:container-demuxer-ogg: 62fdf1f143b41e24485cea50d1cbac27 -> 
  custom:video-codec-MediaFoundation-h265: 746d11721c4dcdbdad8f713fa42b33f4 -> 
  custom:video-decoder-ogg-theora: a1e56fd34408186e4bbccfd4996cb3dc -> 
  custom:framework-win-MediaFoundation: 216162199b28c13a410421893ffa2e32 -> 
  custom:CustomObjectIndexerAttribute: 9a22284fe3817be447336de3de66b15e -> 
  custom:container-demuxer-webm: 4f35f7cbe854078d1ac9338744f61a02 -> 
  custom:container-muxer-webm: aa71ff27fc2769a1b78a27578f13a17b -> 
  custom:video-decoder-webm-vp8: 9c59270c3fd7afecdb556c50c9e8de78 -> 
  custom:SearchIndexIgnoredProperties: e643bd26f0fe6173181afceb89e7c659 -> 
  custom:AudioImporter_EditorPlatform: d09bf68614088b80899f8185d706f6e7 -> 
  custom:video-encoder-webm-vp8: eb34c28f22e8b96e1ab97ce403110664 -> 
  custom:audio-decoder-ogg-vorbis: bf7c407c2cedff20999df2af8eb42d56 -> 
  custom:audio-encoder-webm-vorbis: bf7c407c2cedff20999df2af8eb42d56 -> 
========================================================================
Received Prepare
Begin MonoManager ReloadAssembly
- Loaded All Assemblies, in  0.673 seconds
Refreshing native plugins compatible for Editor in 4.27 ms, found 3 plugins.
Native extension for WindowsStandalone target not found
Native extension for iOS target not found
Native extension for Android target not found
Native extension for WebGL target not found
Mono: successfully reloaded assembly
- Finished resetting the current domain, in  1.390 seconds
Domain Reload Profiling: 2059ms
	BeginReloadAssembly (198ms)
		ExecutionOrderSort (0ms)
		DisableScriptedObjects (5ms)
		BackupInstance (0ms)
		ReleaseScriptingObjects (0ms)
		CreateAndSetChildDomain (37ms)
	RebuildCommonClasses (49ms)
	RebuildNativeTypeToScriptingClass (11ms)
	initialDomainReloadingComplete (46ms)
	LoadAllAssembliesAndSetupDomain (364ms)
		LoadAssemblies (451ms)
		RebuildTransferFunctionScriptingTraits (0ms)
		AnalyzeDomain (30ms)
			TypeCache.Refresh (10ms)
				TypeCache.ScanAssembly (0ms)
			ScanForSourceGeneratedMonoScriptInfo (9ms)
			ResolveRequiredComponents (8ms)
	FinalizeReload (1391ms)
		ReleaseScriptCaches (0ms)
		RebuildScriptCaches (0ms)
		SetupLoadedEditorAssemblies (633ms)
			LogAssemblyErrors (0ms)
			InitializePlatformSupportModulesInManaged (69ms)
			SetLoadedEditorAssemblies (5ms)
			RefreshPlugins (0ms)
			BeforeProcessingInitializeOnLoad (81ms)
			ProcessInitializeOnLoadAttributes (435ms)
			ProcessInitializeOnLoadMethodAttributes (29ms)
			AfterProcessingInitializeOnLoad (14ms)
			EditorAssembliesLoaded (0ms)
		ExecutionOrderSort2 (0ms)
		AwakeInstancesAfterBackupRestoration (14ms)
Refreshing native plugins compatible for Editor in 3.69 ms, found 3 plugins.
Preloading 0 native plugins for Editor in 0.00 ms.
Unloading 3101 Unused Serialized files (Serialized files now loaded: 0)
Unloading 24 unused Assets / (31.1 KB). Loaded Objects now: 3646.
Memory consumption went from 144.0 MB to 144.0 MB.
Total: 3.083000 ms (FindLiveObjects: 0.373900 ms CreateObjectMapping: 0.103500 ms MarkObjects: 2.545600 ms  DeleteObjects: 0.058600 ms)

Prepare: number of updated asset objects reloaded= 0
AssetImportParameters requested are different than current active one (requested -> active):
  custom:container-demuxer-ogg: 62fdf1f143b41e24485cea50d1cbac27 -> 
  custom:video-codec-MediaFoundation-h265: 746d11721c4dcdbdad8f713fa42b33f4 -> 
  custom:video-decoder-ogg-theora: a1e56fd34408186e4bbccfd4996cb3dc -> 
  custom:framework-win-MediaFoundation: 216162199b28c13a410421893ffa2e32 -> 
  custom:CustomObjectIndexerAttribute: 9a22284fe3817be447336de3de66b15e -> 
  custom:container-demuxer-webm: 4f35f7cbe854078d1ac9338744f61a02 -> 
  custom:container-muxer-webm: aa71ff27fc2769a1b78a27578f13a17b -> 
  custom:video-decoder-webm-vp8: 9c59270c3fd7afecdb556c50c9e8de78 -> 
  custom:SearchIndexIgnoredProperties: e643bd26f0fe6173181afceb89e7c659 -> 
  custom:AudioImporter_EditorPlatform: d09bf68614088b80899f8185d706f6e7 -> 
  custom:video-encoder-webm-vp8: eb34c28f22e8b96e1ab97ce403110664 -> 
  custom:audio-decoder-ogg-vorbis: bf7c407c2cedff20999df2af8eb42d56 -> 
  custom:audio-encoder-webm-vorbis: bf7c407c2cedff20999df2af8eb42d56 -> 
========================================================================
Received Prepare
Begin MonoManager ReloadAssembly
- Loaded All Assemblies, in  0.538 seconds
Refreshing native plugins compatible for Editor in 4.15 ms, found 3 plugins.
Native extension for WindowsStandalone target not found
Native extension for iOS target not found
Native extension for Android target not found
Native extension for WebGL target not found
Mono: successfully reloaded assembly
- Finished resetting the current domain, in  1.219 seconds
Domain Reload Profiling: 1753ms
	BeginReloadAssembly (188ms)
		ExecutionOrderSort (0ms)
		DisableScriptedObjects (5ms)
		BackupInstance (0ms)
		ReleaseScriptingObjects (0ms)
		CreateAndSetChildDomain (40ms)
	RebuildCommonClasses (35ms)
	RebuildNativeTypeToScriptingClass (11ms)
	initialDomainReloadingComplete (36ms)
	LoadAllAssembliesAndSetupDomain (263ms)
		LoadAssemblies (357ms)
		RebuildTransferFunctionScriptingTraits (0ms)
		AnalyzeDomain (12ms)
			TypeCache.Refresh (5ms)
				TypeCache.ScanAssembly (0ms)
			ScanForSourceGeneratedMonoScriptInfo (0ms)
			ResolveRequiredComponents (5ms)
	FinalizeReload (1220ms)
		ReleaseScriptCaches (0ms)
		RebuildScriptCaches (0ms)
		SetupLoadedEditorAssemblies (502ms)
			LogAssemblyErrors (0ms)
			InitializePlatformSupportModulesInManaged (46ms)
			SetLoadedEditorAssemblies (5ms)
			RefreshPlugins (0ms)
			BeforeProcessingInitializeOnLoad (66ms)
			ProcessInitializeOnLoadAttributes (352ms)
			ProcessInitializeOnLoadMethodAttributes (21ms)
			AfterProcessingInitializeOnLoad (12ms)
			EditorAssembliesLoaded (0ms)
		ExecutionOrderSort2 (0ms)
		AwakeInstancesAfterBackupRestoration (9ms)
Refreshing native plugins compatible for Editor in 3.02 ms, found 3 plugins.
Preloading 0 native plugins for Editor in 0.00 ms.
Unloading 3101 Unused Serialized files (Serialized files now loaded: 0)
Unloading 24 unused Assets / (31.1 KB). Loaded Objects now: 3649.
Memory consumption went from 145.9 MB to 145.9 MB.
Total: 3.146300 ms (FindLiveObjects: 0.305400 ms CreateObjectMapping: 0.139600 ms MarkObjects: 2.638000 ms  DeleteObjects: 0.062000 ms)

Prepare: number of updated asset objects reloaded= 0
AssetImportParameters requested are different than current active one (requested -> active):
  custom:container-demuxer-ogg: 62fdf1f143b41e24485cea50d1cbac27 -> 
  custom:video-codec-MediaFoundation-h265: 746d11721c4dcdbdad8f713fa42b33f4 -> 
  custom:video-decoder-ogg-theora: a1e56fd34408186e4bbccfd4996cb3dc -> 
  custom:framework-win-MediaFoundation: 216162199b28c13a410421893ffa2e32 -> 
  custom:CustomObjectIndexerAttribute: 9a22284fe3817be447336de3de66b15e -> 
  custom:container-demuxer-webm: 4f35f7cbe854078d1ac9338744f61a02 -> 
  custom:container-muxer-webm: aa71ff27fc2769a1b78a27578f13a17b -> 
  custom:video-decoder-webm-vp8: 9c59270c3fd7afecdb556c50c9e8de78 -> 
  custom:SearchIndexIgnoredProperties: e643bd26f0fe6173181afceb89e7c659 -> 
  custom:AudioImporter_EditorPlatform: d09bf68614088b80899f8185d706f6e7 -> 
  custom:video-encoder-webm-vp8: eb34c28f22e8b96e1ab97ce403110664 -> 
  custom:audio-decoder-ogg-vorbis: bf7c407c2cedff20999df2af8eb42d56 -> 
  custom:audio-encoder-webm-vorbis: bf7c407c2cedff20999df2af8eb42d56 -> 
========================================================================
Received Prepare
Begin MonoManager ReloadAssembly
- Loaded All Assemblies, in  0.720 seconds
Refreshing native plugins compatible for Editor in 3.47 ms, found 3 plugins.
Native extension for WindowsStandalone target not found
Native extension for iOS target not found
Native extension for Android target not found
Native extension for WebGL target not found
Mono: successfully reloaded assembly
- Finished resetting the current domain, in  1.295 seconds
Domain Reload Profiling: 2008ms
	BeginReloadAssembly (257ms)
		ExecutionOrderSort (0ms)
		DisableScriptedObjects (6ms)
		BackupInstance (0ms)
		ReleaseScriptingObjects (0ms)
		CreateAndSetChildDomain (48ms)
	RebuildCommonClasses (55ms)
	RebuildNativeTypeToScriptingClass (16ms)
	initialDomainReloadingComplete (60ms)
	LoadAllAssembliesAndSetupDomain (325ms)
		LoadAssemblies (461ms)
		RebuildTransferFunctionScriptingTraits (0ms)
		AnalyzeDomain (27ms)
			TypeCache.Refresh (9ms)
				TypeCache.ScanAssembly (0ms)
			ScanForSourceGeneratedMonoScriptInfo (9ms)
			ResolveRequiredComponents (7ms)
	FinalizeReload (1295ms)
		ReleaseScriptCaches (0ms)
		RebuildScriptCaches (0ms)
		SetupLoadedEditorAssemblies (559ms)
			LogAssemblyErrors (0ms)
			InitializePlatformSupportModulesInManaged (43ms)
			SetLoadedEditorAssemblies (4ms)
			RefreshPlugins (0ms)
			BeforeProcessingInitializeOnLoad (63ms)
			ProcessInitializeOnLoadAttributes (416ms)
			ProcessInitializeOnLoadMethodAttributes (21ms)
			AfterProcessingInitializeOnLoad (12ms)
			EditorAssembliesLoaded (0ms)
		ExecutionOrderSort2 (0ms)
		AwakeInstancesAfterBackupRestoration (11ms)
Refreshing native plugins compatible for Editor in 5.24 ms, found 3 plugins.
Preloading 0 native plugins for Editor in 0.00 ms.
Unloading 3101 Unused Serialized files (Serialized files now loaded: 0)
Unloading 24 unused Assets / (31.0 KB). Loaded Objects now: 3652.
Memory consumption went from 147.8 MB to 147.8 MB.
Total: 3.480300 ms (FindLiveObjects: 0.299600 ms CreateObjectMapping: 0.101800 ms MarkObjects: 3.022900 ms  DeleteObjects: 0.054500 ms)

Prepare: number of updated asset objects reloaded= 0
AssetImportParameters requested are different than current active one (requested -> active):
  custom:container-demuxer-ogg: 62fdf1f143b41e24485cea50d1cbac27 -> 
  custom:video-codec-MediaFoundation-h265: 746d11721c4dcdbdad8f713fa42b33f4 -> 
  custom:video-decoder-ogg-theora: a1e56fd34408186e4bbccfd4996cb3dc -> 
  custom:framework-win-MediaFoundation: 216162199b28c13a410421893ffa2e32 -> 
  custom:CustomObjectIndexerAttribute: 9a22284fe3817be447336de3de66b15e -> 
  custom:container-demuxer-webm: 4f35f7cbe854078d1ac9338744f61a02 -> 
  custom:container-muxer-webm: aa71ff27fc2769a1b78a27578f13a17b -> 
  custom:video-decoder-webm-vp8: 9c59270c3fd7afecdb556c50c9e8de78 -> 
  custom:SearchIndexIgnoredProperties: e643bd26f0fe6173181afceb89e7c659 -> 
  custom:AudioImporter_EditorPlatform: d09bf68614088b80899f8185d706f6e7 -> 
  custom:video-encoder-webm-vp8: eb34c28f22e8b96e1ab97ce403110664 -> 
  custom:audio-decoder-ogg-vorbis: bf7c407c2cedff20999df2af8eb42d56 -> 
  custom:audio-encoder-webm-vorbis: bf7c407c2cedff20999df2af8eb42d56 -> 
========================================================================
Received Import Request.
  Time since last request: 2061.019289 seconds.
  path: Assets/Map/kenney_train-kit/kruisdaalder-cross-daalder-1568/textures/internal_ground_ao_texture.jpeg
  artifactKey: Guid(0779b31393c94f94cb256fe7da530ff9) Importer(815301076,1909f56bfc062723c751e8b465ee728b)
Start importing Assets/Map/kenney_train-kit/kruisdaalder-cross-daalder-1568/textures/internal_ground_ao_texture.jpeg using Guid(0779b31393c94f94cb256fe7da530ff9) Importer(815301076,1909f56bfc062723c751e8b465ee728b)  -> (artifact id: '6d554cd061cadafd2f4a24dc7c0e0bf9') in 0.078274 seconds
Number of updated asset objects reloaded before import = 0
Number of asset objects unloaded after import = 2
========================================================================
Received Import Request.
  Time since last request: 16.788234 seconds.
  path: Assets/Map/kenney_train-kit/Models/OBJ format/train-tram-classic.obj
  artifactKey: Guid(3403dc6aa0dae9b4fbd14d687be7e9c7) Importer(815301076,1909f56bfc062723c751e8b465ee728b)
Start importing Assets/Map/kenney_train-kit/Models/OBJ format/train-tram-classic.obj using Guid(3403dc6aa0dae9b4fbd14d687be7e9c7) Importer(815301076,1909f56bfc062723c751e8b465ee728b)  -> (artifact id: '4af52abc768ae886acb23898ef9a92e5') in 0.136094 seconds
Number of updated asset objects reloaded before import = 0
Number of asset objects unloaded after import = 26
========================================================================
Received Import Request.
  Time since last request: 0.000045 seconds.
  path: Assets/Map/kenney_train-kit/Models/OBJ format/train-tram-round.obj
  artifactKey: Guid(a47ae1bf0eb99c44cbcba07ef02eb9b2) Importer(815301076,1909f56bfc062723c751e8b465ee728b)
Start importing Assets/Map/kenney_train-kit/Models/OBJ format/train-tram-round.obj using Guid(a47ae1bf0eb99c44cbcba07ef02eb9b2) Importer(815301076,1909f56bfc062723c751e8b465ee728b)  -> (artifact id: 'a653ece3677580cba6f4d971d434556d') in 0.077434 seconds
Number of updated asset objects reloaded before import = 0
Number of asset objects unloaded after import = 31
========================================================================
Received Import Request.
  Time since last request: 3.018717 seconds.
  path: Assets/Map/kenney_train-kit/Models/FBX format/railroad-rail-straight-skew-right-side.fbx
  artifactKey: Guid(e9a478b027275d04a909e86bf9548fc4) Importer(815301076,1909f56bfc062723c751e8b465ee728b)
Start importing Assets/Map/kenney_train-kit/Models/FBX format/railroad-rail-straight-skew-right-side.fbx using Guid(e9a478b027275d04a909e86bf9548fc4) Importer(815301076,1909f56bfc062723c751e8b465ee728b)  -> (artifact id: '7e19cd00c9b7112067cfce15735338e0') in 0.024688 seconds
Number of updated asset objects reloaded before import = 0
Number of asset objects unloaded after import = 9
========================================================================
Received Import Request.
  Time since last request: 0.008054 seconds.
  path: Assets/Map/kenney_train-kit/Models/FBX format/railroad-straight-bump-up.fbx
  artifactKey: Guid(27ab52277885db74badfc16b5e25b993) Importer(815301076,1909f56bfc062723c751e8b465ee728b)
Start importing Assets/Map/kenney_train-kit/Models/FBX format/railroad-straight-bump-up.fbx using Guid(27ab52277885db74badfc16b5e25b993) Importer(815301076,1909f56bfc062723c751e8b465ee728b)  -> (artifact id: 'c1786c26651ae70c7f290ee841d90a64') in 0.032300 seconds
Number of updated asset objects reloaded before import = 0
Number of asset objects unloaded after import = 9
========================================================================
Received Import Request.
  Time since last request: 0.000031 seconds.
  path: Assets/Map/kenney_train-kit/Models/FBX format/railroad-straight-hill-complete.fbx
  artifactKey: Guid(76d3b358441c2104bab5e39d80f755c7) Importer(815301076,1909f56bfc062723c751e8b465ee728b)
Start importing Assets/Map/kenney_train-kit/Models/FBX format/railroad-straight-hill-complete.fbx using Guid(76d3b358441c2104bab5e39d80f755c7) Importer(815301076,1909f56bfc062723c751e8b465ee728b)  -> (artifact id: '9ec013c35e283aca351a1da0b96bdfd7') in 0.034698 seconds
Number of updated asset objects reloaded before import = 0
Number of asset objects unloaded after import = 9
========================================================================
Received Import Request.
  Time since last request: 0.000057 seconds.
  path: Assets/Map/kenney_train-kit/Models/FBX format/railroad-straight-skew-left.fbx
  artifactKey: Guid(f6db30d65b1b43544b0ede7ee4150db2) Importer(815301076,1909f56bfc062723c751e8b465ee728b)
Start importing Assets/Map/kenney_train-kit/Models/FBX format/railroad-straight-skew-left.fbx using Guid(f6db30d65b1b43544b0ede7ee4150db2) Importer(815301076,1909f56bfc062723c751e8b465ee728b)  -> (artifact id: '4030a51cd482b25fff5b686f8a46dcb0') in 0.037958 seconds
Number of updated asset objects reloaded before import = 0
Number of asset objects unloaded after import = 9
========================================================================
Received Import Request.
  Time since last request: 0.000024 seconds.
  path: Assets/Map/kenney_train-kit/Models/FBX format/railroad-straight-hill-beginning.fbx
  artifactKey: Guid(f467a0825dc6fd9428a324352d2e3849) Importer(815301076,1909f56bfc062723c751e8b465ee728b)
Start importing Assets/Map/kenney_train-kit/Models/FBX format/railroad-straight-hill-beginning.fbx using Guid(f467a0825dc6fd9428a324352d2e3849) Importer(815301076,1909f56bfc062723c751e8b465ee728b)  -> (artifact id: '8fea83657a9e6fce685feca9c67a3f70') in 0.031612 seconds
Number of updated asset objects reloaded before import = 0
Number of asset objects unloaded after import = 9
========================================================================
Received Import Request.
  Time since last request: 0.000025 seconds.
  path: Assets/Map/kenney_train-kit/Models/FBX format/railroad-straight-hill-complete-half.fbx
  artifactKey: Guid(8c6280808cc145b438a9b85958f62b27) Importer(815301076,1909f56bfc062723c751e8b465ee728b)
Start importing Assets/Map/kenney_train-kit/Models/FBX format/railroad-straight-hill-complete-half.fbx using Guid(8c6280808cc145b438a9b85958f62b27) Importer(815301076,1909f56bfc062723c751e8b465ee728b)  -> (artifact id: 'd7cc687a9ad104532b3c64e8d38d0a4c') in 0.034111 seconds
Number of updated asset objects reloaded before import = 0
Number of asset objects unloaded after import = 9
========================================================================
Received Import Request.
  Time since last request: 0.185938 seconds.
  path: Assets/Map/kenney_train-kit/Models/FBX format/railroad-straight-skew-right-side.fbx
  artifactKey: Guid(33742d76477454a41ba4daa5b9a24492) Importer(815301076,1909f56bfc062723c751e8b465ee728b)
Start importing Assets/Map/kenney_train-kit/Models/FBX format/railroad-straight-skew-right-side.fbx using Guid(33742d76477454a41ba4daa5b9a24492) Importer(815301076,1909f56bfc062723c751e8b465ee728b)  -> (artifact id: '8739c10f2ef020434b3821d2618b87f8') in 0.030433 seconds
Number of updated asset objects reloaded before import = 0
Number of asset objects unloaded after import = 9
========================================================================
Received Import Request.
  Time since last request: 0.000037 seconds.
  path: Assets/Map/kenney_train-kit/Models/FBX format/train-electric-city-c.fbx
  artifactKey: Guid(3af94369c18b8544c8b6a82e182dbc96) Importer(815301076,1909f56bfc062723c751e8b465ee728b)
Start importing Assets/Map/kenney_train-kit/Models/FBX format/train-electric-city-c.fbx using Guid(3af94369c18b8544c8b6a82e182dbc96) Importer(815301076,1909f56bfc062723c751e8b465ee728b)  -> (artifact id: 'dd612991366486c17c40b1ca0667f5c4') in 0.048918 seconds
Number of updated asset objects reloaded before import = 0
Number of asset objects unloaded after import = 19
========================================================================
Received Import Request.
  Time since last request: 0.000053 seconds.
  path: Assets/Map/kenney_train-kit/Models/FBX format/train-locomotive-c.fbx
  artifactKey: Guid(71acda92318814a4db7651221d23b075) Importer(815301076,1909f56bfc062723c751e8b465ee728b)
Start importing Assets/Map/kenney_train-kit/Models/FBX format/train-locomotive-c.fbx using Guid(71acda92318814a4db7651221d23b075) Importer(815301076,1909f56bfc062723c751e8b465ee728b)  -> (artifact id: '159c1c688dee2303fd6cf97bde0eff36') in 0.102271 seconds
Number of updated asset objects reloaded before import = 0
Number of asset objects unloaded after import = 34
========================================================================
Received Import Request.
  Time since last request: 0.000032 seconds.
  path: Assets/Map/kenney_train-kit/Models/FBX format/train-tram-round.fbx
  artifactKey: Guid(b12da0a28d4cfd64dadeda00758edba9) Importer(815301076,1909f56bfc062723c751e8b465ee728b)
Start importing Assets/Map/kenney_train-kit/Models/FBX format/train-tram-round.fbx using Guid(b12da0a28d4cfd64dadeda00758edba9) Importer(815301076,1909f56bfc062723c751e8b465ee728b)  -> (artifact id: '88c33e35c5b314c93e0d0bb9134ae1d1') in 0.088552 seconds
Number of updated asset objects reloaded before import = 0
Number of asset objects unloaded after import = 29
========================================================================
Received Import Request.
  Time since last request: 0.000041 seconds.
  path: Assets/Map/kenney_train-kit/Models/FBX format/train-tram-modern.fbx
  artifactKey: Guid(5f3e6668018734a48a20d5c852a2ba66) Importer(815301076,1909f56bfc062723c751e8b465ee728b)
Start importing Assets/Map/kenney_train-kit/Models/FBX format/train-tram-modern.fbx using Guid(5f3e6668018734a48a20d5c852a2ba66) Importer(815301076,1909f56bfc062723c751e8b465ee728b)  -> (artifact id: '117bd1eaa5e7604313c63ef82d83b541') in 0.081989 seconds
Number of updated asset objects reloaded before import = 0
Number of asset objects unloaded after import = 24
========================================================================
Received Import Request.
  Time since last request: 0.000056 seconds.
  path: Assets/Map/kenney_train-kit/Models/FBX format/spline-segment.fbx
  artifactKey: Guid(a030aca12a07f7141a79729023d67ccf) Importer(815301076,1909f56bfc062723c751e8b465ee728b)
Start importing Assets/Map/kenney_train-kit/Models/FBX format/spline-segment.fbx using Guid(a030aca12a07f7141a79729023d67ccf) Importer(815301076,1909f56bfc062723c751e8b465ee728b)  -> (artifact id: '45cb4485c0f3e662fb4235fe75a80257') in 0.036973 seconds
Number of updated asset objects reloaded before import = 0
Number of asset objects unloaded after import = 9
========================================================================
Received Import Request.
  Time since last request: 0.000030 seconds.
  path: Assets/Map/kenney_train-kit/Models/FBX format/train-diesel-c.fbx
  artifactKey: Guid(aafe5e208e72b304a824a38d43210e82) Importer(815301076,1909f56bfc062723c751e8b465ee728b)
Start importing Assets/Map/kenney_train-kit/Models/FBX format/train-diesel-c.fbx using Guid(aafe5e208e72b304a824a38d43210e82) Importer(815301076,1909f56bfc062723c751e8b465ee728b)  -> (artifact id: 'e6436f68e3b296e13f9756da5dbd1a30') in 0.068892 seconds
Number of updated asset objects reloaded before import = 0
Number of asset objects unloaded after import = 19
========================================================================
Received Import Request.
  Time since last request: 0.000044 seconds.
  path: Assets/Map/kenney_train-kit/Models/FBX format/train-carriage-dirt.fbx
  artifactKey: Guid(8cbe76df084f07e4dbf5122f2a070b68) Importer(815301076,1909f56bfc062723c751e8b465ee728b)
Start importing Assets/Map/kenney_train-kit/Models/FBX format/train-carriage-dirt.fbx using Guid(8cbe76df084f07e4dbf5122f2a070b68) Importer(815301076,1909f56bfc062723c751e8b465ee728b)  -> (artifact id: '747cc1319efd7942a72b2f0be0cbbe1c') in 0.072911 seconds
Number of updated asset objects reloaded before import = 0
Number of asset objects unloaded after import = 24
========================================================================
Received Import Request.
  Time since last request: 0.000021 seconds.
  path: Assets/Map/kenney_train-kit/Models/FBX format/train-electric-bullet-c.fbx
  artifactKey: Guid(ba065c6cb521bbe4390f7c6ea78f487b) Importer(815301076,1909f56bfc062723c751e8b465ee728b)
Start importing Assets/Map/kenney_train-kit/Models/FBX format/train-electric-bullet-c.fbx using Guid(ba065c6cb521bbe4390f7c6ea78f487b) Importer(815301076,1909f56bfc062723c751e8b465ee728b)  -> (artifact id: '65d267b6d70d0d6d3cc8bf3793973420') in 0.053586 seconds
Number of updated asset objects reloaded before import = 0
Number of asset objects unloaded after import = 19
========================================================================
Received Import Request.
  Time since last request: 0.000051 seconds.
  path: Assets/Map/kenney_train-kit/Models/FBX format/train-carriage-wood.fbx
  artifactKey: Guid(1a1aee736c9c79545aeb6996ddbf4759) Importer(815301076,1909f56bfc062723c751e8b465ee728b)
Start importing Assets/Map/kenney_train-kit/Models/FBX format/train-carriage-wood.fbx using Guid(1a1aee736c9c79545aeb6996ddbf4759) Importer(815301076,1909f56bfc062723c751e8b465ee728b)  -> (artifact id: '8ad93e63b237863c06a14000a4afa115') in 0.062299 seconds
Number of updated asset objects reloaded before import = 0
Number of asset objects unloaded after import = 24
========================================================================
Received Import Request.
  Time since last request: 0.000036 seconds.
  path: Assets/Map/kenney_train-kit/Models/FBX format/train-electric-double-c.fbx
  artifactKey: Guid(6bdadbe89784c514290c9ac3adadc940) Importer(815301076,1909f56bfc062723c751e8b465ee728b)
Start importing Assets/Map/kenney_train-kit/Models/FBX format/train-electric-double-c.fbx using Guid(6bdadbe89784c514290c9ac3adadc940) Importer(815301076,1909f56bfc062723c751e8b465ee728b)  -> (artifact id: '68c21bd5a6da6d59b11d2c059682e880') in 0.052470 seconds
Number of updated asset objects reloaded before import = 0
Number of asset objects unloaded after import = 19
========================================================================
Received Import Request.
  Time since last request: 0.000044 seconds.
  path: Assets/Map/kenney_train-kit/Models/FBX format/train-electric-subway-c.fbx
  artifactKey: Guid(7aa97fc1954e2d7418ad6d6448a706af) Importer(815301076,1909f56bfc062723c751e8b465ee728b)
Start importing Assets/Map/kenney_train-kit/Models/FBX format/train-electric-subway-c.fbx using Guid(7aa97fc1954e2d7418ad6d6448a706af) Importer(815301076,1909f56bfc062723c751e8b465ee728b)  -> (artifact id: '0e01bb5893ccba2890b806483f729e3a') in 0.052408 seconds
Number of updated asset objects reloaded before import = 0
Number of asset objects unloaded after import = 19
========================================================================
Received Import Request.
  Time since last request: 0.000046 seconds.
  path: Assets/Map/kenney_train-kit/Models/FBX format/train-carriage-container-blue.fbx
  artifactKey: Guid(20228c094dbf8c941abad2d6af8a1987) Importer(815301076,1909f56bfc062723c751e8b465ee728b)
Start importing Assets/Map/kenney_train-kit/Models/FBX format/train-carriage-container-blue.fbx using Guid(20228c094dbf8c941abad2d6af8a1987) Importer(815301076,1909f56bfc062723c751e8b465ee728b)  -> (artifact id: 'e76c495d3b216a8efe1221f87f9a3871') in 0.071432 seconds
Number of updated asset objects reloaded before import = 0
Number of asset objects unloaded after import = 24
========================================================================
Received Import Request.
  Time since last request: 0.000028 seconds.
  path: Assets/Map/kenney_train-kit/Models/FBX format/spline-track-damaged.fbx
  artifactKey: Guid(45805109f88d3804ea4098f656845823) Importer(815301076,1909f56bfc062723c751e8b465ee728b)
Start importing Assets/Map/kenney_train-kit/Models/FBX format/spline-track-damaged.fbx using Guid(45805109f88d3804ea4098f656845823) Importer(815301076,1909f56bfc062723c751e8b465ee728b)  -> (artifact id: '193004b8281fc6630fd41c19ee28d3c5') in 0.029138 seconds
Number of updated asset objects reloaded before import = 0
Number of asset objects unloaded after import = 9
========================================================================
Received Import Request.
  Time since last request: 0.000047 seconds.
  path: Assets/Map/kenney_train-kit/Models/FBX format/train-electric-double-b.fbx
  artifactKey: Guid(3197482c4a7a2be429764fcc9565fa70) Importer(815301076,1909f56bfc062723c751e8b465ee728b)
Start importing Assets/Map/kenney_train-kit/Models/FBX format/train-electric-double-b.fbx using Guid(3197482c4a7a2be429764fcc9565fa70) Importer(815301076,1909f56bfc062723c751e8b465ee728b)  -> (artifact id: 'fb97af5b60cae40e6dc397bd929dbf3f') in 0.054645 seconds
Number of updated asset objects reloaded before import = 0
Number of asset objects unloaded after import = 19
========================================================================
Received Import Request.
  Time since last request: 0.000043 seconds.
  path: Assets/Map/kenney_train-kit/Models/FBX format/track-single-detailed.fbx
  artifactKey: Guid(311bfb2d897cfaf4a9370e705e8c2085) Importer(815301076,1909f56bfc062723c751e8b465ee728b)
Start importing Assets/Map/kenney_train-kit/Models/FBX format/track-single-detailed.fbx using Guid(311bfb2d897cfaf4a9370e705e8c2085) Importer(815301076,1909f56bfc062723c751e8b465ee728b)  -> (artifact id: 'de29c9a0c8f52ac0aec689a1c22869d3') in 0.030969 seconds
Number of updated asset objects reloaded before import = 0
Number of asset objects unloaded after import = 9
========================================================================
Received Import Request.
  Time since last request: 0.000077 seconds.
  path: Assets/Map/kenney_train-kit/Models/FBX format/train-electric-square-c.fbx
  artifactKey: Guid(7ea2c7ab64f9d3e46b74be83c2ef4986) Importer(815301076,1909f56bfc062723c751e8b465ee728b)
Start importing Assets/Map/kenney_train-kit/Models/FBX format/train-electric-square-c.fbx using Guid(7ea2c7ab64f9d3e46b74be83c2ef4986) Importer(815301076,1909f56bfc062723c751e8b465ee728b)  -> (artifact id: '916d1aa515184b3f8393acbd3007df91') in 0.053085 seconds
Number of updated asset objects reloaded before import = 0
Number of asset objects unloaded after import = 19
========================================================================
Received Import Request.
  Time since last request: 0.000025 seconds.
  path: Assets/Map/kenney_train-kit/Models/FBX format/train-diesel-box-c.fbx
  artifactKey: Guid(324b451ff5a77d6448550c4d51f799d6) Importer(815301076,1909f56bfc062723c751e8b465ee728b)
Start importing Assets/Map/kenney_train-kit/Models/FBX format/train-diesel-box-c.fbx using Guid(324b451ff5a77d6448550c4d51f799d6) Importer(815301076,1909f56bfc062723c751e8b465ee728b)  -> (artifact id: '692f07b8b369d98f8dae377526ae4564') in 0.054849 seconds
Number of updated asset objects reloaded before import = 0
Number of asset objects unloaded after import = 19
========================================================================
Received Import Request.
  Time since last request: 0.000059 seconds.
  path: Assets/Map/kenney_train-kit/Models/FBX format/train-carriage-container-red.fbx
  artifactKey: Guid(cc73a2e56941acd408a79455e43929e1) Importer(815301076,1909f56bfc062723c751e8b465ee728b)
Start importing Assets/Map/kenney_train-kit/Models/FBX format/train-carriage-container-red.fbx using Guid(cc73a2e56941acd408a79455e43929e1) Importer(815301076,1909f56bfc062723c751e8b465ee728b)  -> (artifact id: 'ecc9b0bbcc55029c95a9b040aab2a094') in 0.063508 seconds
Number of updated asset objects reloaded before import = 0
Number of asset objects unloaded after import = 24
========================================================================
Received Import Request.
  Time since last request: 0.000030 seconds.
  path: Assets/Map/kenney_train-kit/Models/FBX format/train-carriage-tank-large.fbx
  artifactKey: Guid(4c5f63f76b6945f45b2cbeda6acd373a) Importer(815301076,1909f56bfc062723c751e8b465ee728b)
Start importing Assets/Map/kenney_train-kit/Models/FBX format/train-carriage-tank-large.fbx using Guid(4c5f63f76b6945f45b2cbeda6acd373a) Importer(815301076,1909f56bfc062723c751e8b465ee728b)  -> (artifact id: '87102cde936f9e4b65baf8c4d8138d99') in 0.054361 seconds
Number of updated asset objects reloaded before import = 0
Number of asset objects unloaded after import = 19
========================================================================
Received Import Request.
  Time since last request: 0.000053 seconds.
  path: Assets/Map/kenney_train-kit/Models/FBX format/train-carriage-lumber.fbx
  artifactKey: Guid(2ead5c973a91b764eb06f0c4c415ef1c) Importer(815301076,1909f56bfc062723c751e8b465ee728b)
Start importing Assets/Map/kenney_train-kit/Models/FBX format/train-carriage-lumber.fbx using Guid(2ead5c973a91b764eb06f0c4c415ef1c) Importer(815301076,1909f56bfc062723c751e8b465ee728b)  -> (artifact id: '272bebc179a8ed8d47d1d16b47572018') in 0.067724 seconds
Number of updated asset objects reloaded before import = 0
Number of asset objects unloaded after import = 24
========================================================================
Received Import Request.
  Time since last request: 0.000020 seconds.
  path: Assets/Map/kenney_train-kit/Models/FBX format/train-electric-bullet-b.fbx
  artifactKey: Guid(4d2933b1b99597748b0d15c516a5b7bf) Importer(815301076,1909f56bfc062723c751e8b465ee728b)
Start importing Assets/Map/kenney_train-kit/Models/FBX format/train-electric-bullet-b.fbx using Guid(4d2933b1b99597748b0d15c516a5b7bf) Importer(815301076,1909f56bfc062723c751e8b465ee728b)  -> (artifact id: '305a1de4f3ef04057d3818278044be51') in 0.054300 seconds
Number of updated asset objects reloaded before import = 0
Number of asset objects unloaded after import = 19
========================================================================
Received Import Request.
  Time since last request: 0.000031 seconds.
  path: Assets/Map/kenney_train-kit/Models/FBX format/train-locomotive-passenger-a.fbx
  artifactKey: Guid(c9a17b03f96de024f998d36af1e89c6f) Importer(815301076,1909f56bfc062723c751e8b465ee728b)
Start importing Assets/Map/kenney_train-kit/Models/FBX format/train-locomotive-passenger-a.fbx using Guid(c9a17b03f96de024f998d36af1e89c6f) Importer(815301076,1909f56bfc062723c751e8b465ee728b)  -> (artifact id: 'e54b4bfb239434cf7d3a791ca03e65dd') in 0.054792 seconds
Number of updated asset objects reloaded before import = 0
Number of asset objects unloaded after import = 19
========================================================================
Received Import Request.
  Time since last request: 0.000037 seconds.
  path: Assets/Map/kenney_train-kit/Models/FBX format/train-carriage-box.fbx
  artifactKey: Guid(c9f36b78ad16bb547b21d7e3d5d4d052) Importer(815301076,1909f56bfc062723c751e8b465ee728b)
Start importing Assets/Map/kenney_train-kit/Models/FBX format/train-carriage-box.fbx using Guid(c9f36b78ad16bb547b21d7e3d5d4d052) Importer(815301076,1909f56bfc062723c751e8b465ee728b)  -> (artifact id: '8bf8a4887b5e5d8bd47036a884945e54') in 0.063068 seconds
Number of updated asset objects reloaded before import = 0
Number of asset objects unloaded after import = 19
========================================================================
Received Import Request.
  Time since last request: 0.000031 seconds.
  path: Assets/Map/kenney_train-kit/Models/FBX format/track-detailed.fbx
  artifactKey: Guid(281250fdbe04cf04ebe15a0fb3d51e27) Importer(815301076,1909f56bfc062723c751e8b465ee728b)
Start importing Assets/Map/kenney_train-kit/Models/FBX format/track-detailed.fbx using Guid(281250fdbe04cf04ebe15a0fb3d51e27) Importer(815301076,1909f56bfc062723c751e8b465ee728b)  -> (artifact id: '89d4634b0999840fb392c80ca5179b25') in 0.040634 seconds
Number of updated asset objects reloaded before import = 0
Number of asset objects unloaded after import = 9
========================================================================
Received Import Request.
  Time since last request: 0.000071 seconds.
  path: Assets/Map/kenney_train-kit/Models/FBX format/train-locomotive-passenger-b.fbx
  artifactKey: Guid(696d955fffa78a748a3605cb006eb539) Importer(815301076,1909f56bfc062723c751e8b465ee728b)
Start importing Assets/Map/kenney_train-kit/Models/FBX format/train-locomotive-passenger-b.fbx using Guid(696d955fffa78a748a3605cb006eb539) Importer(815301076,1909f56bfc062723c751e8b465ee728b)  -> (artifact id: '77b3190e0c6d04469d3686dbbf2ce013') in 0.064024 seconds
Number of updated asset objects reloaded before import = 0
Number of asset objects unloaded after import = 19
========================================================================
Received Prepare
Begin MonoManager ReloadAssembly
- Loaded All Assemblies, in  0.621 seconds
Refreshing native plugins compatible for Editor in 4.97 ms, found 3 plugins.
Native extension for WindowsStandalone target not found
Native extension for iOS target not found
Native extension for Android target not found
Native extension for WebGL target not found
Mono: successfully reloaded assembly
- Finished resetting the current domain, in  1.894 seconds
Domain Reload Profiling: 2511ms
	BeginReloadAssembly (206ms)
		ExecutionOrderSort (0ms)
		DisableScriptedObjects (5ms)
		BackupInstance (0ms)
		ReleaseScriptingObjects (0ms)
		CreateAndSetChildDomain (48ms)
	RebuildCommonClasses (45ms)
	RebuildNativeTypeToScriptingClass (13ms)
	initialDomainReloadingComplete (44ms)
	LoadAllAssembliesAndSetupDomain (309ms)
		LoadAssemblies (412ms)
		RebuildTransferFunctionScriptingTraits (0ms)
		AnalyzeDomain (17ms)
			TypeCache.Refresh (8ms)
				TypeCache.ScanAssembly (0ms)
			ScanForSourceGeneratedMonoScriptInfo (0ms)
			ResolveRequiredComponents (7ms)
	FinalizeReload (1895ms)
		ReleaseScriptCaches (0ms)
		RebuildScriptCaches (0ms)
		SetupLoadedEditorAssemblies (756ms)
			LogAssemblyErrors (0ms)
			InitializePlatformSupportModulesInManaged (73ms)
			SetLoadedEditorAssemblies (10ms)
			RefreshPlugins (0ms)
			BeforeProcessingInitializeOnLoad (104ms)
			ProcessInitializeOnLoadAttributes (523ms)
			ProcessInitializeOnLoadMethodAttributes (31ms)
			AfterProcessingInitializeOnLoad (17ms)
			EditorAssembliesLoaded (0ms)
		ExecutionOrderSort2 (0ms)
		AwakeInstancesAfterBackupRestoration (11ms)
Refreshing native plugins compatible for Editor in 4.51 ms, found 3 plugins.
Preloading 0 native plugins for Editor in 0.00 ms.
Unloading 3100 Unused Serialized files (Serialized files now loaded: 0)
Unloading 24 unused Assets / (31.2 KB). Loaded Objects now: 3657.
Memory consumption went from 149.7 MB to 149.7 MB.
Total: 4.005500 ms (FindLiveObjects: 0.329100 ms CreateObjectMapping: 0.263600 ms MarkObjects: 3.305700 ms  DeleteObjects: 0.105500 ms)

Prepare: number of updated asset objects reloaded= 0
AssetImportParameters requested are different than current active one (requested -> active):
  custom:container-demuxer-ogg: 62fdf1f143b41e24485cea50d1cbac27 -> 
  custom:video-codec-MediaFoundation-h265: 746d11721c4dcdbdad8f713fa42b33f4 -> 
  custom:video-decoder-ogg-theora: a1e56fd34408186e4bbccfd4996cb3dc -> 
  custom:framework-win-MediaFoundation: 216162199b28c13a410421893ffa2e32 -> 
  custom:CustomObjectIndexerAttribute: 9a22284fe3817be447336de3de66b15e -> 
  custom:container-demuxer-webm: 4f35f7cbe854078d1ac9338744f61a02 -> 
  custom:container-muxer-webm: aa71ff27fc2769a1b78a27578f13a17b -> 
  custom:video-decoder-webm-vp8: 9c59270c3fd7afecdb556c50c9e8de78 -> 
  custom:SearchIndexIgnoredProperties: e643bd26f0fe6173181afceb89e7c659 -> 
  custom:AudioImporter_EditorPlatform: d09bf68614088b80899f8185d706f6e7 -> 
  custom:video-encoder-webm-vp8: eb34c28f22e8b96e1ab97ce403110664 -> 
  custom:audio-decoder-ogg-vorbis: bf7c407c2cedff20999df2af8eb42d56 -> 
  custom:audio-encoder-webm-vorbis: bf7c407c2cedff20999df2af8eb42d56 -> 
========================================================================
Received Prepare
Begin MonoManager ReloadAssembly
- Loaded All Assemblies, in  0.602 seconds
Refreshing native plugins compatible for Editor in 3.70 ms, found 3 plugins.
Native extension for WindowsStandalone target not found
Native extension for iOS target not found
Native extension for Android target not found
Native extension for WebGL target not found
Mono: successfully reloaded assembly
- Finished resetting the current domain, in  1.704 seconds
Domain Reload Profiling: 2303ms
	BeginReloadAssembly (211ms)
		ExecutionOrderSort (0ms)
		DisableScriptedObjects (5ms)
		BackupInstance (0ms)
		ReleaseScriptingObjects (0ms)
		CreateAndSetChildDomain (55ms)
	RebuildCommonClasses (37ms)
	RebuildNativeTypeToScriptingClass (11ms)
	initialDomainReloadingComplete (47ms)
	LoadAllAssembliesAndSetupDomain (292ms)
		LoadAssemblies (391ms)
		RebuildTransferFunctionScriptingTraits (0ms)
		AnalyzeDomain (15ms)
			TypeCache.Refresh (7ms)
				TypeCache.ScanAssembly (0ms)
			ScanForSourceGeneratedMonoScriptInfo (0ms)
			ResolveRequiredComponents (7ms)
	FinalizeReload (1705ms)
		ReleaseScriptCaches (0ms)
		RebuildScriptCaches (0ms)
		SetupLoadedEditorAssemblies (692ms)
			LogAssemblyErrors (0ms)
			InitializePlatformSupportModulesInManaged (71ms)
			SetLoadedEditorAssemblies (9ms)
			RefreshPlugins (0ms)
			BeforeProcessingInitializeOnLoad (95ms)
			ProcessInitializeOnLoadAttributes (468ms)
			ProcessInitializeOnLoadMethodAttributes (32ms)
			AfterProcessingInitializeOnLoad (18ms)
			EditorAssembliesLoaded (0ms)
		ExecutionOrderSort2 (0ms)
		AwakeInstancesAfterBackupRestoration (11ms)
Refreshing native plugins compatible for Editor in 5.50 ms, found 3 plugins.
Preloading 0 native plugins for Editor in 0.00 ms.
Unloading 3101 Unused Serialized files (Serialized files now loaded: 0)
Unloading 24 unused Assets / (31.1 KB). Loaded Objects now: 3660.
Memory consumption went from 151.9 MB to 151.8 MB.
Total: 4.348300 ms (FindLiveObjects: 0.505400 ms CreateObjectMapping: 0.129500 ms MarkObjects: 3.647400 ms  DeleteObjects: 0.064300 ms)

Prepare: number of updated asset objects reloaded= 0
AssetImportParameters requested are different than current active one (requested -> active):
  custom:container-demuxer-ogg: 62fdf1f143b41e24485cea50d1cbac27 -> 
  custom:video-codec-MediaFoundation-h265: 746d11721c4dcdbdad8f713fa42b33f4 -> 
  custom:video-decoder-ogg-theora: a1e56fd34408186e4bbccfd4996cb3dc -> 
  custom:framework-win-MediaFoundation: 216162199b28c13a410421893ffa2e32 -> 
  custom:CustomObjectIndexerAttribute: 9a22284fe3817be447336de3de66b15e -> 
  custom:container-demuxer-webm: 4f35f7cbe854078d1ac9338744f61a02 -> 
  custom:container-muxer-webm: aa71ff27fc2769a1b78a27578f13a17b -> 
  custom:video-decoder-webm-vp8: 9c59270c3fd7afecdb556c50c9e8de78 -> 
  custom:SearchIndexIgnoredProperties: e643bd26f0fe6173181afceb89e7c659 -> 
  custom:AudioImporter_EditorPlatform: d09bf68614088b80899f8185d706f6e7 -> 
  custom:video-encoder-webm-vp8: eb34c28f22e8b96e1ab97ce403110664 -> 
  custom:audio-decoder-ogg-vorbis: bf7c407c2cedff20999df2af8eb42d56 -> 
  custom:audio-encoder-webm-vorbis: bf7c407c2cedff20999df2af8eb42d56 -> 
Editor requested this worker to shutdown with reason: Scaling down because of idle timeout
TcpMessagingSession - receive error: operation aborted. errorcode: 995, details: Der E/A-Vorgang wurde wegen eines Threadendes oder einer Anwendungsanforderung abgebrochen.
AssetImportWorker is now disconnected from the server
Process exiting
Exiting without the bug reporter. Application will terminate with return code 0